<!DOCTYPE html>
<html
 lang="en"
 dir="ltr"
 class="fi"
>
 <head>
 <meta charset="utf-8" />
 <meta name="csrf-token" content="qa1Tr7D0kayD4daiTdCJOUIdHET0diCgKoYqRkiy" />
 <meta name="viewport" content="width=device-width, initial-scale=1" />
 <title>
 Onboarding Dashboard
 - 
 DWELLY-V2
 </title>
 <style>
 [x-cloak=''],
 [x-cloak='x-cloak'],
 [x-cloak='1'] {
 display: none !important;
 }
 [x-cloak='inline-flex'] {
 display: inline-flex !important;
 }
 @media (max-width: 1023px) {
 [x-cloak='-lg'] {
 display: none !important;
 }
 }
 @media (min-width: 1024px) {
 [x-cloak='lg'] {
 display: none !important;
 }
 }
 </style>
 <link
 href="http://localhost:8000/css/tek2991/accounting/accounting-styles.css?v=dev-main"
 rel="stylesheet"
 data-navigate-track
 />
 <link
 href="http://localhost:8000/fonts/filament/filament/inter/index.css?v=5.6.7.0"
 rel="stylesheet"
 data-navigate-track
 />
<style>
 :root {
 --danger-50:oklch(0.971 0.013 17.38); --danger-100:oklch(0.936 0.032 17.717); --danger-200:oklch(0.885 0.062 18.334); --danger-300:oklch(0.808 0.114 19.571); --danger-400:oklch(0.704 0.191 22.216); --danger-500:oklch(0.637 0.237 25.331); --danger-600:oklch(0.577 0.245 27.325); --danger-700:oklch(0.505 0.213 27.518); --danger-800:oklch(0.444 0.177 26.899); --danger-900:oklch(0.396 0.141 25.723); --danger-950:oklch(0.258 0.092 26.042); --gray-50:oklch(0.985 0 0); --gray-100:oklch(0.967 0.001 286.375); --gray-200:oklch(0.92 0.004 286.32); --gray-300:oklch(0.871 0.006 286.286); --gray-400:oklch(0.705 0.015 286.067); --gray-500:oklch(0.552 0.016 285.938); --gray-600:oklch(0.442 0.017 285.786); --gray-700:oklch(0.37 0.013 285.805); --gray-800:oklch(0.274 0.006 286.033); --gray-900:oklch(0.21 0.006 285.885); --gray-950:oklch(0.141 0.005 285.823); --info-50:oklch(0.97 0.014 254.604); --info-100:oklch(0.932 0.032 255.585); --info-200:oklch(0.882 0.059 254.128); --info-300:oklch(0.809 0.105 251.813); --info-400:oklch(0.707 0.165 254.624); --info-500:oklch(0.623 0.214 259.815); --info-600:oklch(0.546 0.245 262.881); --info-700:oklch(0.488 0.243 264.376); --info-800:oklch(0.424 0.199 265.638); --info-900:oklch(0.379 0.146 265.522); --info-950:oklch(0.282 0.091 267.935); --primary-50:oklch(0.97 0.014 254.604); --primary-100:oklch(0.932 0.032 255.585); --primary-200:oklch(0.882 0.059 254.128); --primary-300:oklch(0.809 0.105 251.813); --primary-400:oklch(0.707 0.165 254.624); --primary-500:oklch(0.623 0.214 259.815); --primary-600:oklch(0.546 0.245 262.881); --primary-700:oklch(0.488 0.243 264.376); --primary-800:oklch(0.424 0.199 265.638); --primary-900:oklch(0.379 0.146 265.522); --primary-950:oklch(0.282 0.091 267.935); --success-50:oklch(0.982 0.018 155.826); --success-100:oklch(0.962 0.044 156.743); --success-200:oklch(0.925 0.084 155.995); --success-300:oklch(0.871 0.15 154.449); --success-400:oklch(0.792 0.209 151.711); --success-500:oklch(0.723 0.219 149.579); --success-600:oklch(0.627 0.194 149.214); --success-700:oklch(0.527 0.154 150.069); --success-800:oklch(0.448 0.119 151.328); --success-900:oklch(0.393 0.095 152.535); --success-950:oklch(0.266 0.065 152.934); --warning-50:oklch(0.987 0.022 95.277); --warning-100:oklch(0.962 0.059 95.617); --warning-200:oklch(0.924 0.12 95.746); --warning-300:oklch(0.879 0.169 91.605); --warning-400:oklch(0.828 0.189 84.429); --warning-500:oklch(0.769 0.188 70.08); --warning-600:oklch(0.666 0.179 58.318); --warning-700:oklch(0.555 0.163 48.998); --warning-800:oklch(0.473 0.137 46.201); --warning-900:oklch(0.414 0.112 45.904); --warning-950:oklch(0.279 0.077 45.635); }
 </style>
 <link
 href="http://localhost:8000/css/filament/filament/app.css?v=5.6.7.0"
 rel="stylesheet"
 data-navigate-track
 />
 <link rel="preload" href="http://localhost:8000/fonts/filament/filament/inter/inter-latin-wght-normal-NRMW37G5.woff2" as="font" type="font/woff2" crossorigin />
 <style>
 :root {
 --font-family: 'Inter Variable';
 --mono-font-family: 'ui-monospace';
 --serif-font-family: 'ui-serif';
 --sidebar-width: 20rem;
 --collapsed-sidebar-width: 4.5rem;
 --default-theme-mode: system;
 }
 html.fi {
 --livewire-progress-bar-color: var(--primary-500);
 }
 </style>
 <script>
 const loadDarkMode = () => {
 window.theme = localStorage.getItem('theme') ?? 'system'
 if (
 window.theme === 'dark' ||
 (window.theme === 'system' &&
 window.matchMedia('(prefers-color-scheme: dark)')
 .matches)
 ) {
 document.documentElement.classList.add('dark')
 }
 }
 loadDarkMode()
 document.addEventListener('livewire:navigated', loadDarkMode)
 </script>
 <!-- Livewire Styles --><style >[wire\:loading][wire\:loading], [wire\:loading\.delay][wire\:loading\.delay], [wire\:loading\.list-item][wire\:loading\.list-item], [wire\:loading\.inline-block][wire\:loading\.inline-block], [wire\:loading\.inline][wire\:loading\.inline], [wire\:loading\.block][wire\:loading\.block], [wire\:loading\.flex][wire\:loading\.flex], [wire\:loading\.table][wire\:loading\.table], [wire\:loading\.grid][wire\:loading\.grid], [wire\:loading\.inline-flex][wire\:loading\.inline-flex] {display: none;}[wire\:loading\.delay\.none][wire\:loading\.delay\.none], [wire\:loading\.delay\.shortest][wire\:loading\.delay\.shortest], [wire\:loading\.delay\.shorter][wire\:loading\.delay\.shorter], [wire\:loading\.delay\.short][wire\:loading\.delay\.short], [wire\:loading\.delay\.default][wire\:loading\.delay\.default], [wire\:loading\.delay\.long][wire\:loading\.delay\.long], [wire\:loading\.delay\.longer][wire\:loading\.delay\.longer], [wire\:loading\.delay\.longest][wire\:loading\.delay\.longest] {display: none;}[wire\:offline][wire\:offline] {display: none;}[wire\:dirty]:not(textarea):not(input):not(select) {display: none;}:root {--livewire-progress-bar-color: #2299dd;}[x-cloak] {display: none !important;}[wire\:cloak] {display: none !important;}dialog#livewire-error::backdrop {background-color: rgba(0, 0, 0, .6);}</style>
</head>
 <body
 class="fi-body fi-panel-operations fi-body-has-navigation fi-body-has-topbar"
 >
 <div wire:key="lw-1621932882-0-5" wire:snapshot="{&quot;data&quot;:{&quot;mountedActions&quot;:[[],{&quot;s&quot;:&quot;arr&quot;}],&quot;defaultAction&quot;:null,&quot;defaultActionArguments&quot;:null,&quot;defaultActionContext&quot;:null,&quot;defaultTableAction&quot;:null,&quot;defaultTableActionRecord&quot;:null,&quot;defaultTableActionArguments&quot;:null,&quot;componentFileAttachments&quot;:[[],{&quot;s&quot;:&quot;arr&quot;}],&quot;areSchemaStateUpdateHooksDisabledForTesting&quot;:false,&quot;discoveredSchemaNames&quot;:[[],{&quot;s&quot;:&quot;arr&quot;}]},&quot;memo&quot;:{&quot;id&quot;:&quot;64GHOipaVFG4oFCAmf2T&quot;,&quot;name&quot;:&quot;Filament\\Livewire\\Topbar&quot;,&quot;path&quot;:&quot;operations\/properties\/01kxszjhjayzb7z6fjch7vncs7\/onboarding&quot;,&quot;method&quot;:&quot;GET&quot;,&quot;release&quot;:&quot;a-a-a&quot;,&quot;children&quot;:{&quot;lw-3118308082-0-5&quot;:[&quot;div&quot;,&quot;RCvL1RrDtHwxxrxMpdBd&quot;],&quot;lw-3470244890-0-global-search.field.input-5&quot;:[&quot;div&quot;,&quot;tK8pjE3ijvKgumbTp6Td&quot;]},&quot;scripts&quot;:[],&quot;assets&quot;:[],&quot;errors&quot;:[],&quot;locale&quot;:&quot;en&quot;,&quot;islands&quot;:[]},&quot;checksum&quot;:&quot;0078709cf1c152949837181e6e276f95e77a267726c7ab5b63eb9537728a73f8&quot;}" wire:effects="{&quot;partials&quot;:[],&quot;url&quot;:{&quot;defaultAction&quot;:{&quot;as&quot;:&quot;action&quot;,&quot;use&quot;:&quot;replace&quot;,&quot;alwaysShow&quot;:false,&quot;except&quot;:null},&quot;defaultActionArguments&quot;:{&quot;as&quot;:&quot;actionArguments&quot;,&quot;use&quot;:&quot;replace&quot;,&quot;alwaysShow&quot;:false,&quot;except&quot;:null},&quot;defaultActionContext&quot;:{&quot;as&quot;:&quot;actionContext&quot;,&quot;use&quot;:&quot;replace&quot;,&quot;alwaysShow&quot;:false,&quot;except&quot;:null},&quot;defaultTableAction&quot;:{&quot;as&quot;:&quot;tableAction&quot;,&quot;use&quot;:&quot;replace&quot;,&quot;alwaysShow&quot;:false,&quot;except&quot;:null},&quot;defaultTableActionRecord&quot;:{&quot;as&quot;:&quot;tableActionRecord&quot;,&quot;use&quot;:&quot;replace&quot;,&quot;alwaysShow&quot;:false,&quot;except&quot;:null},&quot;defaultTableActionArguments&quot;:{&quot;as&quot;:&quot;tableActionArguments&quot;,&quot;use&quot;:&quot;replace&quot;,&quot;alwaysShow&quot;:false,&quot;except&quot;:null}},&quot;listeners&quot;:[&quot;refresh-topbar&quot;]}" wire:id="64GHOipaVFG4oFCAmf2T" wire:name="Filament\Livewire\Topbar" class="fi-topbar-ctn">
 <nav class="fi-topbar">
 <!--[if BLOCK]><![endif]--> <button
 class="fi-icon-btn fi-size-md fi-topbar-open-sidebar-btn" title="Expand sidebar" aria-label="Expand sidebar" type="button" wire:loading.attr="disabled" x-cloak="x-cloak" x-data="{}" x-on:click="$store.sidebar.open()" x-show="! $store.sidebar.isOpen"
>
 <svg class="fi-icon fi-size-lg" xmlns="http://www.w3.org/2000/svg" fill="none" viewBox="0 0 24 24" stroke-width="1.5" stroke="currentColor" aria-hidden="true" data-slot="icon">
 <path stroke-linecap="round" stroke-linejoin="round" d="M3.75 6.75h16.5M3.75 12h16.5m-16.5 5.25h16.5"/>
</svg>
 <!--[if BLOCK]><![endif]--><!--[if ENDBLOCK]><![endif]-->
 <!--[if BLOCK]><![endif]--><!--[if ENDBLOCK]><![endif]--></button>
 <button
 class="fi-icon-btn fi-size-md fi-topbar-close-sidebar-btn" title="Collapse sidebar" aria-label="Collapse sidebar" type="button" wire:loading.attr="disabled" x-cloak="x-cloak" x-data="{}" x-on:click="$store.sidebar.close()" x-show="$store.sidebar.isOpen"
>
 <svg class="fi-icon fi-size-lg" xmlns="http://www.w3.org/2000/svg" fill="none" viewBox="0 0 24 24" stroke-width="1.5" stroke="currentColor" aria-hidden="true" data-slot="icon">
 <path stroke-linecap="round" stroke-linejoin="round" d="M6 18 18 6M6 6l12 12"/>
</svg>
 <!--[if BLOCK]><![endif]--><!--[if ENDBLOCK]><![endif]-->
 <!--[if BLOCK]><![endif]--><!--[if ENDBLOCK]><![endif]--></button>
 <!--[if ENDBLOCK]><![endif]-->
 <div class="fi-topbar-start">
 <!--[if BLOCK]><![endif]--><!--[if ENDBLOCK]><![endif]-->
 <!--[if BLOCK]><![endif]--> <a href="http://localhost:8000/operations">
 <!--[if BLOCK]><![endif]--> <div
 class="fi-logo"
 >
 DWELLY-V2
 </div>
 <!--[if ENDBLOCK]><![endif]-->
<!--[if BLOCK]><![endif]--><!--[if ENDBLOCK]><![endif]--> </a>
 <!--[if ENDBLOCK]><![endif]-->
 </div>
 <!--[if BLOCK]><![endif]--><!--[if ENDBLOCK]><![endif]-->
 <div
 x-persist="topbar.end.panel-operations"
 class="fi-topbar-end"
 >
 <!--[if BLOCK]><![endif]--> <div wire:key="lw-3118308082-0-5" wire:snapshot="{&quot;data&quot;:{&quot;search&quot;:&quot;&quot;},&quot;memo&quot;:{&quot;id&quot;:&quot;RCvL1RrDtHwxxrxMpdBd&quot;,&quot;name&quot;:&quot;Filament\\Livewire\\GlobalSearch&quot;,&quot;path&quot;:&quot;operations\/properties\/01kxszjhjayzb7z6fjch7vncs7\/onboarding&quot;,&quot;method&quot;:&quot;GET&quot;,&quot;release&quot;:&quot;a-a-a&quot;,&quot;children&quot;:[],&quot;scripts&quot;:[],&quot;assets&quot;:[],&quot;errors&quot;:[],&quot;locale&quot;:&quot;en&quot;,&quot;islands&quot;:[]},&quot;checksum&quot;:&quot;abc2b72726b7203a0730a6afeb64fc91588098a19165ad692671b90bec6ebdce&quot;}" wire:effects="{&quot;partials&quot;:[]}" wire:id="RCvL1RrDtHwxxrxMpdBd" wire:name="Filament\Livewire\GlobalSearch" class="fi-global-search-ctn">
 <div
 x-on:focus-first-global-search-result.stop="$el.querySelector('.fi-global-search-result-link')?.focus()"
 class="fi-global-search"
 >
 <div x-id="['input']" class="fi-global-search-field">
 <label x-bind:for="$id('input')" class="fi-sr-only">
 Global search
 </label>
 <div
 class="fi-input-wrp"
>
 <!--[if BLOCK]><![endif]--> <div
 class="fi-input-wrp-prefix fi-input-wrp-prefix-has-content fi-inline"
 >
 <!--[if BLOCK]><![endif]--><!--[if ENDBLOCK]><![endif]-->
 <svg wire:loading.remove.delay.default="1" wire:target="search" class="fi-icon fi-size-md" xmlns="http://www.w3.org/2000/svg" viewBox="0 0 20 20" fill="currentColor" aria-hidden="true" data-slot="icon">
 <path fill-rule="evenodd" d="M9 3.5a5.5 5.5 0 1 0 0 11 5.5 5.5 0 0 0 0-11ZM2 9a7 7 0 1 1 12.452 4.391l3.328 3.329a.75.75 0 1 1-1.06 1.06l-3.329-3.328A7 7 0 0 1 2 9Z" clip-rule="evenodd"/>
</svg>
 <!--[if BLOCK]><![endif]--> <svg
 fill="none"
 viewBox="0 0 24 24"
 xmlns="http://www.w3.org/2000/svg"
 class="fi-icon fi-loading-indicator fi-size-md" wire:loading.delay.default="" wire:target="search"
 >
 <path
 clip-rule="evenodd"
 d="M12 19C15.866 19 19 15.866 19 12C19 8.13401 15.866 5 12 5C8.13401 5 5 8.13401 5 12C5 15.866 8.13401 19 12 19ZM12 22C17.5228 22 22 17.5228 22 12C22 6.47715 17.5228 2 12 2C6.47715 2 2 6.47715 2 12C2 17.5228 6.47715 22 12 22Z"
 fill-rule="evenodd"
 fill="currentColor"
 opacity="0.2"
 ></path>
 <path
 d="M2 12C2 6.47715 6.47715 2 12 2V5C8.13401 5 5 8.13401 5 12H2Z"
 fill="currentColor"
 ></path>
 </svg>
 <!--[if ENDBLOCK]><![endif]-->
 <!--[if BLOCK]><![endif]--><!--[if ENDBLOCK]><![endif]--> </div>
 <!--[if ENDBLOCK]><![endif]-->
 <div
 class="fi-input-wrp-content-ctn"
 >
 <input
 autocomplete="off"
 maxlength="1000"
 placeholder="Search"
 type="search"
 wire:key="global-search.field.input"
 x-bind:id="$id('input')"
 x-on:keydown.down.prevent.stop="$dispatch('focus-first-global-search-result')"
 wire:model.live.debounce.500ms="search"
 x-mousetrap.global.="document.getElementById($id('input'))?.focus()"
 class="fi-input fi-input-has-inline-prefix"
 />
 </div>
 <!--[if BLOCK]><![endif]--><!--[if ENDBLOCK]><![endif]--></div>
 </div>
 <!--[if BLOCK]><![endif]--><!--[if ENDBLOCK]><![endif]--> </div>
</div>
 <!--[if ENDBLOCK]><![endif]-->
 <!--[if BLOCK]><![endif]--> <!--[if BLOCK]><![endif]--><!--[if ENDBLOCK]><![endif]-->
 <!--[if BLOCK]><![endif]--> <div wire:key="lw-3470244890-0-global-search.field.input-5" wire:snapshot="{&quot;data&quot;:{&quot;branches&quot;:[null,{&quot;keys&quot;:[1,2],&quot;class&quot;:&quot;Illuminate\\Database\\Eloquent\\Collection&quot;,&quot;modelClass&quot;:&quot;App\\Models\\Branch&quot;,&quot;s&quot;:&quot;elcln&quot;}],&quot;selectedBranchId&quot;:null},&quot;memo&quot;:{&quot;id&quot;:&quot;tK8pjE3ijvKgumbTp6Td&quot;,&quot;name&quot;:&quot;branch-selector&quot;,&quot;path&quot;:&quot;operations\/properties\/01kxszjhjayzb7z6fjch7vncs7\/onboarding&quot;,&quot;method&quot;:&quot;GET&quot;,&quot;release&quot;:&quot;a-a-a&quot;,&quot;children&quot;:[],&quot;scripts&quot;:[],&quot;assets&quot;:[],&quot;errors&quot;:[],&quot;locale&quot;:&quot;en&quot;,&quot;islands&quot;:[]},&quot;checksum&quot;:&quot;c9700ef87d52dc5d83a118d993f6ec104e55eab97cbfe4b8cb258497f7cf1509&quot;}" wire:effects="{&quot;partials&quot;:[]}" wire:id="tK8pjE3ijvKgumbTp6Td" wire:name="branch-selector" class="px-4">
 <div
 class="fi-input-wrp"
>
 <!--[if BLOCK]><![endif]--><!--[if ENDBLOCK]><![endif]-->
 <div
 class="fi-input-wrp-content-ctn"
 >
 <select
 class="fi-select-input" wire:model.live="selectedBranchId"
>
 <option value="">Select Branch..</option>
 <!--[if BLOCK]><![endif]--> <option value="1">Guwahati Head Office</option>
 <option value="2">Bangalore Branch</option>
 <!--[if ENDBLOCK]><![endif]-->
</select>
 </div>
 <!--[if BLOCK]><![endif]--><!--[if ENDBLOCK]><![endif]--></div>
</div>
<div
 x-data="filamentDropdown"
 class="fi-dropdown fi-user-menu"
>
 <div
 x-on:keyup.enter="toggle($event)"
 x-on:keyup.space="toggle($event)"
 x-on:mousedown="if ($event.button === 0) toggle($event)"
 class="fi-dropdown-trigger"
 >
 <!--[if BLOCK]><![endif]--> <button
 aria-label="User menu"
 type="button"
 class="fi-user-menu-trigger"
 >
 <img
 class="fi-avatar fi-circular fi-size-md fi-user-avatar" src="https://ui-avatars.com/api/?name=D+A&amp;format=svg&amp;color=FFFFFF&amp;background=%2309090b" alt="Avatar of Dwelly Admin" loading="lazy"
/>
 </button>
 <!--[if ENDBLOCK]><![endif]-->
 </div>
 <!--[if BLOCK]><![endif]--> <div
 x-cloak
 x-float.placement.bottom-end.flip.teleport.offset="{ offset: 8, }"
 x-ref="panel"
 x-transition:enter-start="fi-opacity-0"
 x-transition:leave-end="fi-opacity-0"
 class="fi-dropdown-panel "
 style=""
 >
 <!--[if BLOCK]><![endif]--> 
 <div
 class="fi-dropdown-header"
>
 <svg class="fi-icon fi-size-md" xmlns="http://www.w3.org/2000/svg" viewBox="0 0 20 20" fill="currentColor" aria-hidden="true" data-slot="icon">
 <path fill-rule="evenodd" d="M18 10a8 8 0 1 1-16 0 8 8 0 0 1 16 0Zm-5.5-2.5a2.5 2.5 0 1 1-5 0 2.5 2.5 0 0 1 5 0ZM10 12a5.99 5.99 0 0 0-4.793 2.39A6.483 6.483 0 0 0 10 16.5a6.483 6.483 0 0 0 4.793-2.11A5.99 5.99 0 0 0 10 12Z" clip-rule="evenodd"/>
</svg>
 <span>
 Dwelly Admin
 </span>
</div>
 <!--[if ENDBLOCK]><![endif]-->
 <!--[if BLOCK]><![endif]--><!--[if ENDBLOCK]><![endif]-->
 <!--[if BLOCK]><![endif]--> <div class="fi-dropdown-list">
 <div
 x-data="{ theme: null }"
 x-init="
 $watch('theme', () => {
 $dispatch('theme-changed', theme)
 })
 theme = localStorage.getItem('theme') || 'system' "
 class="fi-theme-switcher"
>
 <button
 aria-label="Enable light theme"
 type="button"
 x-on:click="(theme = 'light') && close()"
 x-tooltip="{
 content: 'Enable light theme',
 theme: $store.theme,
 }"
 x-bind:class="{ 'fi-active': theme === 'light' }"
 class="fi-theme-switcher-btn"
>
 <svg class="fi-icon fi-size-md" xmlns="http://www.w3.org/2000/svg" viewBox="0 0 20 20" fill="currentColor" aria-hidden="true" data-slot="icon">
 <path d="M10 2a.75.75 0 0 1 .75.75v1.5a.75.75 0 0 1-1.5 0v-1.5A.75.75 0 0 1 10 2ZM10 15a.75.75 0 0 1 .75.75v1.5a.75.75 0 0 1-1.5 0v-1.5A.75.75 0 0 1 10 15ZM10 7a3 3 0 1 0 0 6 3 3 0 0 0 0-6ZM15.657 5.404a.75.75 0 1 0-1.06-1.06l-1.061 1.06a.75.75 0 0 0 1.06 1.06l1.06-1.06ZM6.464 14.596a.75.75 0 1 0-1.06-1.06l-1.06 1.06a.75.75 0 0 0 1.06 1.06l1.06-1.06ZM18 10a.75.75 0 0 1-.75.75h-1.5a.75.75 0 0 1 0-1.5h1.5A.75.75 0 0 1 18 10ZM5 10a.75.75 0 0 1-.75.75h-1.5a.75.75 0 0 1 0-1.5h1.5A.75.75 0 0 1 5 10ZM14.596 15.657a.75.75 0 0 0 1.06-1.06l-1.06-1.061a.75.75 0 1 0-1.06 1.06l1.06 1.06ZM5.404 6.464a.75.75 0 0 0 1.06-1.06l-1.06-1.06a.75.75 0 1 0-1.061 1.06l1.06 1.06Z"/>
</svg>
</button>
 <button
 aria-label="Enable dark theme"
 type="button"
 x-on:click="(theme = 'dark') && close()"
 x-tooltip="{
 content: 'Enable dark theme',
 theme: $store.theme,
 }"
 x-bind:class="{ 'fi-active': theme === 'dark' }"
 class="fi-theme-switcher-btn"
>
 <svg class="fi-icon fi-size-md" xmlns="http://www.w3.org/2000/svg" viewBox="0 0 20 20" fill="currentColor" aria-hidden="true" data-slot="icon">
 <path fill-rule="evenodd" d="M7.455 2.004a.75.75 0 0 1 .26.77 7 7 0 0 0 9.958 7.967.75.75 0 0 1 1.067.853A8.5 8.5 0 1 1 6.647 1.921a.75.75 0 0 1 .808.083Z" clip-rule="evenodd"/>
</svg>
</button>
 <button
 aria-label="Enable system theme"
 type="button"
 x-on:click="(theme = 'system') && close()"
 x-tooltip="{
 content: 'Enable system theme',
 theme: $store.theme,
 }"
 x-bind:class="{ 'fi-active': theme === 'system' }"
 class="fi-theme-switcher-btn"
>
 <svg class="fi-icon fi-size-md" xmlns="http://www.w3.org/2000/svg" viewBox="0 0 20 20" fill="currentColor" aria-hidden="true" data-slot="icon">
 <path fill-rule="evenodd" d="M2 4.25A2.25 2.25 0 0 1 4.25 2h11.5A2.25 2.25 0 0 1 18 4.25v8.5A2.25 2.25 0 0 1 15.75 15h-3.105a3.501 3.501 0 0 0 1.1 1.677A.75.75 0 0 1 13.26 18H6.74a.75.75 0 0 1-.484-1.323A3.501 3.501 0 0 0 7.355 15H4.25A2.25 2.25 0 0 1 2 12.75v-8.5Zm1.5 0a.75.75 0 0 1 .75-.75h11.5a.75.75 0 0 1 .75.75v7.5a.75.75 0 0 1-.75.75H4.25a.75.75 0 0 1-.75-.75v-7.5Z" clip-rule="evenodd"/>
</svg>
</button>
</div>
</div>
 <!--[if ENDBLOCK]><![endif]-->
 <!--[if BLOCK]><![endif]--> <div class="fi-dropdown-list">
 <!--[if BLOCK]><![endif]--> <!--[if BLOCK]><![endif]--> 
 <form action="http://localhost:8000/operations/logout" method="post"><input type="hidden" name="_token" value="qa1Tr7D0kayD4daiTdCJOUIdHET0diCgKoYqRkiy" autocomplete="off">
 <button class="fi-dropdown-list-item" type="submit" >
 <svg class="fi-icon fi-size-md" xmlns="http://www.w3.org/2000/svg" viewBox="0 0 20 20" fill="currentColor" aria-hidden="true" data-slot="icon">
 <path fill-rule="evenodd" d="M3 4.25A2.25 2.25 0 0 1 5.25 2h5.5A2.25 2.25 0 0 1 13 4.25v2a.75.75 0 0 1-1.5 0v-2a.75.75 0 0 0-.75-.75h-5.5a.75.75 0 0 0-.75.75v11.5c0 .414.336.75.75.75h5.5a.75.75 0 0 0 .75-.75v-2a.75.75 0 0 1 1.5 0v2A2.25 2.25 0 0 1 10.75 18h-5.5A2.25 2.25 0 0 1 3 15.75V4.25Z" clip-rule="evenodd"/>
 <path fill-rule="evenodd" d="M19 10a.75.75 0 0 0-.75-.75H8.704l1.048-.943a.75.75 0 1 0-1.004-1.114l-2.5 2.25a.75.75 0 0 0 0 1.114l2.5 2.25a.75.75 0 1 0 1.004-1.114l-1.048-.943h9.546A.75.75 0 0 0 19 10Z" clip-rule="evenodd"/>
</svg> 
 <span class="fi-dropdown-list-item-label">
 Sign out </span>
 </button>
 </form>
 <!--[if ENDBLOCK]><![endif]--> <!--[if ENDBLOCK]><![endif]-->
</div>
 <!--[if ENDBLOCK]><![endif]-->
 </div>
 <!--[if ENDBLOCK]><![endif]--></div>
 <!--[if ENDBLOCK]><![endif]--> <!--[if ENDBLOCK]><![endif]--> </div>
 </nav>
 <!--[if BLOCK]><![endif]--> <div
 wire:partial="action-modals"
 x-data="filamentActionModals({
 livewireId: '64GHOipaVFG4oFCAmf2T',
 })"
 style="height: 0"
 >
 <!--[if BLOCK]><![endif]--><!--[if ENDBLOCK]><![endif]--> </div>
 <!--[if ENDBLOCK]><![endif]--></div>
 <div class="fi-layout">
 <div
 x-cloak
 x-data="{}"
 x-on:click="$store.sidebar.close()"
 x-show="$store.sidebar.isOpen"
 x-transition.opacity.300ms
 class="fi-sidebar-close-overlay"
 ></div>
 <div wire:key="lw-1621932882-1-global-search.field.input-8" wire:snapshot="{&quot;data&quot;:{&quot;mountedActions&quot;:[[],{&quot;s&quot;:&quot;arr&quot;}],&quot;defaultAction&quot;:null,&quot;defaultActionArguments&quot;:null,&quot;defaultActionContext&quot;:null,&quot;defaultTableAction&quot;:null,&quot;defaultTableActionRecord&quot;:null,&quot;defaultTableActionArguments&quot;:null,&quot;componentFileAttachments&quot;:[[],{&quot;s&quot;:&quot;arr&quot;}],&quot;areSchemaStateUpdateHooksDisabledForTesting&quot;:false,&quot;discoveredSchemaNames&quot;:[[],{&quot;s&quot;:&quot;arr&quot;}]},&quot;memo&quot;:{&quot;id&quot;:&quot;WxCIhoN7aoWmaFYPINYo&quot;,&quot;name&quot;:&quot;Filament\\Livewire\\Sidebar&quot;,&quot;path&quot;:&quot;operations\/properties\/01kxszjhjayzb7z6fjch7vncs7\/onboarding&quot;,&quot;method&quot;:&quot;GET&quot;,&quot;release&quot;:&quot;a-a-a&quot;,&quot;children&quot;:[],&quot;scripts&quot;:[],&quot;assets&quot;:[],&quot;errors&quot;:[],&quot;locale&quot;:&quot;en&quot;,&quot;islands&quot;:[]},&quot;checksum&quot;:&quot;24c20349a4d90ba978ce275e8aa85de80dbbbc67400011fed652cb43a07f128c&quot;}" wire:effects="{&quot;partials&quot;:[],&quot;url&quot;:{&quot;defaultAction&quot;:{&quot;as&quot;:&quot;action&quot;,&quot;use&quot;:&quot;replace&quot;,&quot;alwaysShow&quot;:false,&quot;except&quot;:null},&quot;defaultActionArguments&quot;:{&quot;as&quot;:&quot;actionArguments&quot;,&quot;use&quot;:&quot;replace&quot;,&quot;alwaysShow&quot;:false,&quot;except&quot;:null},&quot;defaultActionContext&quot;:{&quot;as&quot;:&quot;actionContext&quot;,&quot;use&quot;:&quot;replace&quot;,&quot;alwaysShow&quot;:false,&quot;except&quot;:null},&quot;defaultTableAction&quot;:{&quot;as&quot;:&quot;tableAction&quot;,&quot;use&quot;:&quot;replace&quot;,&quot;alwaysShow&quot;:false,&quot;except&quot;:null},&quot;defaultTableActionRecord&quot;:{&quot;as&quot;:&quot;tableActionRecord&quot;,&quot;use&quot;:&quot;replace&quot;,&quot;alwaysShow&quot;:false,&quot;except&quot;:null},&quot;defaultTableActionArguments&quot;:{&quot;as&quot;:&quot;tableActionArguments&quot;,&quot;use&quot;:&quot;replace&quot;,&quot;alwaysShow&quot;:false,&quot;except&quot;:null}},&quot;listeners&quot;:[&quot;refresh-sidebar&quot;]}" wire:id="WxCIhoN7aoWmaFYPINYo" wire:name="Filament\Livewire\Sidebar">
 <aside
 x-data="{}"
 x-cloak="-lg"
 x-bind:class="{ 'fi-sidebar-open': $store.sidebar.isOpen }"
 class="fi-sidebar fi-main-sidebar"
 >
 <div class="fi-sidebar-header-ctn">
 <header
 class="fi-sidebar-header"
 >
 <!--[if BLOCK]><![endif]--><!--[if ENDBLOCK]><![endif]-->
 <!--[if BLOCK]><![endif]--><!--[if ENDBLOCK]><![endif]-->
 <div
 class="fi-sidebar-header-logo-ctn"
 >
 <!--[if BLOCK]><![endif]--> <a href="http://localhost:8000/operations">
 <!--[if BLOCK]><![endif]--> <div
 class="fi-logo"
 >
 DWELLY-V2
 </div>
 <!--[if ENDBLOCK]><![endif]-->
<!--[if BLOCK]><![endif]--><!--[if ENDBLOCK]><![endif]--> </a>
 <!--[if ENDBLOCK]><![endif]--> </div>
 </header>
 </div>
 <!--[if BLOCK]><![endif]--><!--[if ENDBLOCK]><![endif]-->
 <!--[if BLOCK]><![endif]--><!--[if ENDBLOCK]><![endif]-->
 <nav class="fi-sidebar-nav">
 <ul class="fi-sidebar-nav-groups">
 <!--[if BLOCK]><![endif]--> 
 <li
 x-data="{ label: null }"
 data-group-label=""
 x-bind:class="{ 'fi-collapsed': $store.sidebar.groupIsCollapsed(label) }"
 class="fi-sidebar-group fi-collapsible"
>
 <!--[if BLOCK]><![endif]--><!--[if ENDBLOCK]><![endif]-->
 <!--[if BLOCK]><![endif]--><!--[if ENDBLOCK]><![endif]-->
 <ul
 class="fi-sidebar-group-items"
 >
 <!--[if BLOCK]><![endif]--> 
 <li
 class="fi-sidebar-item fi-sidebar-item-has-url"
>
 <a
 href="http://localhost:8000/operations"
 x-on:click="window.matchMedia(`(max-width: 1024px)`).matches && $store.sidebar.close()"
 class="fi-sidebar-item-btn"
 >
 <!--[if BLOCK]><![endif]--> <svg class="fi-icon fi-size-lg fi-sidebar-item-icon" xmlns="http://www.w3.org/2000/svg" fill="none" viewBox="0 0 24 24" stroke-width="1.5" stroke="currentColor" aria-hidden="true" data-slot="icon">
 <path stroke-linecap="round" stroke-linejoin="round" d="m2.25 12 8.954-8.955c.44-.439 1.152-.439 1.591 0L21.75 12M4.5 9.75v10.125c0 .621.504 1.125 1.125 1.125H9.75v-4.875c0-.621.504-1.125 1.125-1.125h2.25c.621 0 1.125.504 1.125 1.125V21h4.125c.621 0 1.125-.504 1.125-1.125V9.75M8.25 21h8.25"/>
</svg>
 <!--[if ENDBLOCK]><![endif]-->
 <!--[if BLOCK]><![endif]--><!--[if ENDBLOCK]><![endif]-->
 <span
 class="fi-sidebar-item-label"
 >
 Dashboard
 <!--[if BLOCK]><![endif]--><!--[if ENDBLOCK]><![endif]-->
 <!--[if BLOCK]><![endif]--><!--[if ENDBLOCK]><![endif]-->
 </span>
 <!--[if BLOCK]><![endif]--><!--[if ENDBLOCK]><![endif]--> </a>
 <!--[if BLOCK]><![endif]--><!--[if ENDBLOCK]><![endif]--></li>
 <!--[if ENDBLOCK]><![endif]--> </ul>
</li>
 <li
 x-data="{ label: 'Portfolio \u0026 Operations' }"
 data-group-label="Portfolio &amp; Operations"
 x-bind:class="{ 'fi-collapsed': $store.sidebar.groupIsCollapsed(label) }"
 class="fi-sidebar-group fi-active fi-collapsible"
>
 <!--[if BLOCK]><![endif]--> <div
 x-on:click="$store.sidebar.toggleCollapsedGroup(label)"
 class="fi-sidebar-group-btn"
 >
 <!--[if BLOCK]><![endif]--><!--[if ENDBLOCK]><![endif]-->
 <span class="fi-sidebar-group-label">
 Portfolio &amp; Operations
 </span>
 <!--[if BLOCK]><![endif]--> <button
 class="fi-icon-btn fi-size-md fi-sidebar-group-collapse-btn" title="Portfolio &amp; Operations" aria-label="Portfolio &amp; Operations" type="button" wire:loading.attr="disabled" x-bind:aria-expanded="! $store.sidebar.groupIsCollapsed(label)" x-on:click.stop="$store.sidebar.toggleCollapsedGroup(label)"
>
 <svg class="fi-icon fi-size-md" xmlns="http://www.w3.org/2000/svg" viewBox="0 0 20 20" fill="currentColor" aria-hidden="true" data-slot="icon">
 <path fill-rule="evenodd" d="M9.47 6.47a.75.75 0 0 1 1.06 0l4.25 4.25a.75.75 0 1 1-1.06 1.06L10 8.06l-3.72 3.72a.75.75 0 0 1-1.06-1.06l4.25-4.25Z" clip-rule="evenodd"/>
</svg>
 <!--[if BLOCK]><![endif]--><!--[if ENDBLOCK]><![endif]-->
 <!--[if BLOCK]><![endif]--><!--[if ENDBLOCK]><![endif]--></button>
 <!--[if ENDBLOCK]><![endif]--> </div>
 <!--[if ENDBLOCK]><![endif]-->
 <!--[if BLOCK]><![endif]--><!--[if ENDBLOCK]><![endif]-->
 <ul
 x-show="! $store.sidebar.groupIsCollapsed(label)"
 x-collapse.duration.200ms
 class="fi-sidebar-group-items"
 >
 <!--[if BLOCK]><![endif]--> 
 <li
 class="fi-sidebar-item fi-sidebar-item-has-url"
>
 <a
 href="http://localhost:8000/operations/operations/audits"
 x-on:click="window.matchMedia(`(max-width: 1024px)`).matches && $store.sidebar.close()"
 class="fi-sidebar-item-btn"
 >
 <!--[if BLOCK]><![endif]--> <svg class="fi-icon fi-size-lg fi-sidebar-item-icon" xmlns="http://www.w3.org/2000/svg" fill="none" viewBox="0 0 24 24" stroke-width="1.5" stroke="currentColor" aria-hidden="true" data-slot="icon">
 <path stroke-linecap="round" stroke-linejoin="round" d="M11.35 3.836c-.065.21-.1.433-.1.664 0 .414.336.75.75.75h4.5a.75.75 0 0 0 .75-.75 2.25 2.25 0 0 0-.1-.664m-5.8 0A2.251 2.251 0 0 1 13.5 2.25H15c1.012 0 1.867.668 2.15 1.586m-5.8 0c-.376.023-.75.05-1.124.08C9.095 4.01 8.25 4.973 8.25 6.108V8.25m8.9-4.414c.376.023.75.05 1.124.08 1.131.094 1.976 1.057 1.976 2.192V16.5A2.25 2.25 0 0 1 18 18.75h-2.25m-7.5-10.5H4.875c-.621 0-1.125.504-1.125 1.125v11.25c0 .621.504 1.125 1.125 1.125h9.75c.621 0 1.125-.504 1.125-1.125V18.75m-7.5-10.5h6.375c.621 0 1.125.504 1.125 1.125v9.375m-8.25-3 1.5 1.5 3-3.75"/>
</svg>
 <!--[if ENDBLOCK]><![endif]-->
 <!--[if BLOCK]><![endif]--><!--[if ENDBLOCK]><![endif]-->
 <span
 class="fi-sidebar-item-label"
 >
 Audits
 <!--[if BLOCK]><![endif]--><!--[if ENDBLOCK]><![endif]-->
 <!--[if BLOCK]><![endif]--><!--[if ENDBLOCK]><![endif]-->
 </span>
 <!--[if BLOCK]><![endif]--><!--[if ENDBLOCK]><![endif]--> </a>
 <!--[if BLOCK]><![endif]--><!--[if ENDBLOCK]><![endif]--></li>
 <li
 class="fi-sidebar-item fi-active fi-sidebar-item-has-url"
>
 <a
 href="http://localhost:8000/operations/properties"
 x-on:click="window.matchMedia(`(max-width: 1024px)`).matches && $store.sidebar.close()"
 class="fi-sidebar-item-btn"
 >
 <!--[if BLOCK]><![endif]--> <svg class="fi-icon fi-size-lg fi-sidebar-item-icon" xmlns="http://www.w3.org/2000/svg" fill="none" viewBox="0 0 24 24" stroke-width="1.5" stroke="currentColor" aria-hidden="true" data-slot="icon">
 <path stroke-linecap="round" stroke-linejoin="round" d="M6 6.878V6a2.25 2.25 0 0 1 2.25-2.25h7.5A2.25 2.25 0 0 1 18 6v.878m-12 0c.235-.083.487-.128.75-.128h10.5c.263 0 .515.045.75.128m-12 0A2.25 2.25 0 0 0 4.5 9v.878m13.5-3A2.25 2.25 0 0 1 19.5 9v.878m0 0a2.246 2.246 0 0 0-.75-.128H5.25c-.263 0-.515.045-.75.128m15 0A2.25 2.25 0 0 1 21 12v6a2.25 2.25 0 0 1-2.25 2.25H5.25A2.25 2.25 0 0 1 3 18v-6c0-.98.626-1.813 1.5-2.122"/>
</svg>
 <!--[if ENDBLOCK]><![endif]-->
 <!--[if BLOCK]><![endif]--><!--[if ENDBLOCK]><![endif]-->
 <span
 class="fi-sidebar-item-label"
 >
 Properties
 <!--[if BLOCK]><![endif]--><!--[if ENDBLOCK]><![endif]-->
 <!--[if BLOCK]><![endif]--><!--[if ENDBLOCK]><![endif]-->
 </span>
 <!--[if BLOCK]><![endif]--><!--[if ENDBLOCK]><![endif]--> </a>
 <!--[if BLOCK]><![endif]--><!--[if ENDBLOCK]><![endif]--></li>
 <!--[if ENDBLOCK]><![endif]--> </ul>
</li>
 <li
 x-data="{ label: 'Sales \u0026 CRM' }"
 data-group-label="Sales &amp; CRM"
 x-bind:class="{ 'fi-collapsed': $store.sidebar.groupIsCollapsed(label) }"
 class="fi-sidebar-group fi-collapsible"
>
 <!--[if BLOCK]><![endif]--> <div
 x-on:click="$store.sidebar.toggleCollapsedGroup(label)"
 class="fi-sidebar-group-btn"
 >
 <!--[if BLOCK]><![endif]--><!--[if ENDBLOCK]><![endif]-->
 <span class="fi-sidebar-group-label">
 Sales &amp; CRM
 </span>
 <!--[if BLOCK]><![endif]--> <button
 class="fi-icon-btn fi-size-md fi-sidebar-group-collapse-btn" title="Sales &amp; CRM" aria-label="Sales &amp; CRM" type="button" wire:loading.attr="disabled" x-bind:aria-expanded="! $store.sidebar.groupIsCollapsed(label)" x-on:click.stop="$store.sidebar.toggleCollapsedGroup(label)"
>
 <svg class="fi-icon fi-size-md" xmlns="http://www.w3.org/2000/svg" viewBox="0 0 20 20" fill="currentColor" aria-hidden="true" data-slot="icon">
 <path fill-rule="evenodd" d="M9.47 6.47a.75.75 0 0 1 1.06 0l4.25 4.25a.75.75 0 1 1-1.06 1.06L10 8.06l-3.72 3.72a.75.75 0 0 1-1.06-1.06l4.25-4.25Z" clip-rule="evenodd"/>
</svg>
 <!--[if BLOCK]><![endif]--><!--[if ENDBLOCK]><![endif]-->
 <!--[if BLOCK]><![endif]--><!--[if ENDBLOCK]><![endif]--></button>
 <!--[if ENDBLOCK]><![endif]--> </div>
 <!--[if ENDBLOCK]><![endif]-->
 <!--[if BLOCK]><![endif]--><!--[if ENDBLOCK]><![endif]-->
 <ul
 x-show="! $store.sidebar.groupIsCollapsed(label)"
 x-collapse.duration.200ms
 class="fi-sidebar-group-items"
 >
 <!--[if BLOCK]><![endif]--> 
 <li
 class="fi-sidebar-item fi-sidebar-item-has-url"
>
 <a
 href="http://localhost:8000/operations/communication-logs"
 x-on:click="window.matchMedia(`(max-width: 1024px)`).matches && $store.sidebar.close()"
 class="fi-sidebar-item-btn"
 >
 <!--[if BLOCK]><![endif]--> <svg class="fi-icon fi-size-lg fi-sidebar-item-icon" xmlns="http://www.w3.org/2000/svg" fill="none" viewBox="0 0 24 24" stroke-width="1.5" stroke="currentColor" aria-hidden="true" data-slot="icon">
 <path stroke-linecap="round" stroke-linejoin="round" d="M6 6.878V6a2.25 2.25 0 0 1 2.25-2.25h7.5A2.25 2.25 0 0 1 18 6v.878m-12 0c.235-.083.487-.128.75-.128h10.5c.263 0 .515.045.75.128m-12 0A2.25 2.25 0 0 0 4.5 9v.878m13.5-3A2.25 2.25 0 0 1 19.5 9v.878m0 0a2.246 2.246 0 0 0-.75-.128H5.25c-.263 0-.515.045-.75.128m15 0A2.25 2.25 0 0 1 21 12v6a2.25 2.25 0 0 1-2.25 2.25H5.25A2.25 2.25 0 0 1 3 18v-6c0-.98.626-1.813 1.5-2.122"/>
</svg>
 <!--[if ENDBLOCK]><![endif]-->
 <!--[if BLOCK]><![endif]--><!--[if ENDBLOCK]><![endif]-->
 <span
 class="fi-sidebar-item-label"
 >
 Communication Logs
 <!--[if BLOCK]><![endif]--><!--[if ENDBLOCK]><![endif]-->
 <!--[if BLOCK]><![endif]--><!--[if ENDBLOCK]><![endif]-->
 </span>
 <!--[if BLOCK]><![endif]--><!--[if ENDBLOCK]><![endif]--> </a>
 <!--[if BLOCK]><![endif]--><!--[if ENDBLOCK]><![endif]--></li>
 <li
 class="fi-sidebar-item fi-sidebar-item-has-url"
>
 <a
 href="http://localhost:8000/operations/parties"
 x-on:click="window.matchMedia(`(max-width: 1024px)`).matches && $store.sidebar.close()"
 class="fi-sidebar-item-btn"
 >
 <!--[if BLOCK]><![endif]--> <svg class="fi-icon fi-size-lg fi-sidebar-item-icon" xmlns="http://www.w3.org/2000/svg" fill="none" viewBox="0 0 24 24" stroke-width="1.5" stroke="currentColor" aria-hidden="true" data-slot="icon">
 <path stroke-linecap="round" stroke-linejoin="round" d="M6 6.878V6a2.25 2.25 0 0 1 2.25-2.25h7.5A2.25 2.25 0 0 1 18 6v.878m-12 0c.235-.083.487-.128.75-.128h10.5c.263 0 .515.045.75.128m-12 0A2.25 2.25 0 0 0 4.5 9v.878m13.5-3A2.25 2.25 0 0 1 19.5 9v.878m0 0a2.246 2.246 0 0 0-.75-.128H5.25c-.263 0-.515.045-.75.128m15 0A2.25 2.25 0 0 1 21 12v6a2.25 2.25 0 0 1-2.25 2.25H5.25A2.25 2.25 0 0 1 3 18v-6c0-.98.626-1.813 1.5-2.122"/>
</svg>
 <!--[if ENDBLOCK]><![endif]-->
 <!--[if BLOCK]><![endif]--><!--[if ENDBLOCK]><![endif]-->
 <span
 class="fi-sidebar-item-label"
 >
 Parties
 <!--[if BLOCK]><![endif]--><!--[if ENDBLOCK]><![endif]-->
 <!--[if BLOCK]><![endif]--><!--[if ENDBLOCK]><![endif]-->
 </span>
 <!--[if BLOCK]><![endif]--><!--[if ENDBLOCK]><![endif]--> </a>
 <!--[if BLOCK]><![endif]--><!--[if ENDBLOCK]><![endif]--></li>
 <li
 class="fi-sidebar-item fi-sidebar-item-has-url"
>
 <a
 href="http://localhost:8000/operations/operations/m-o-u-s"
 x-on:click="window.matchMedia(`(max-width: 1024px)`).matches && $store.sidebar.close()"
 class="fi-sidebar-item-btn"
 >
 <!--[if BLOCK]><![endif]--> <svg class="fi-icon fi-size-lg fi-sidebar-item-icon" xmlns="http://www.w3.org/2000/svg" fill="none" viewBox="0 0 24 24" stroke-width="1.5" stroke="currentColor" aria-hidden="true" data-slot="icon">
 <path stroke-linecap="round" stroke-linejoin="round" d="M10.125 2.25h-4.5c-.621 0-1.125.504-1.125 1.125v17.25c0 .621.504 1.125 1.125 1.125h12.75c.621 0 1.125-.504 1.125-1.125v-9M10.125 2.25h.375a9 9 0 0 1 9 9v.375M10.125 2.25A3.375 3.375 0 0 1 13.5 5.625v1.5c0 .621.504 1.125 1.125 1.125h1.5a3.375 3.375 0 0 1 3.375 3.375M9 15l2.25 2.25L15 12"/>
</svg>
 <!--[if ENDBLOCK]><![endif]-->
 <!--[if BLOCK]><![endif]--><!--[if ENDBLOCK]><![endif]-->
 <span
 class="fi-sidebar-item-label"
 >
 Mous
 <!--[if BLOCK]><![endif]--><!--[if ENDBLOCK]><![endif]-->
 <!--[if BLOCK]><![endif]--><!--[if ENDBLOCK]><![endif]-->
 </span>
 <!--[if BLOCK]><![endif]--><!--[if ENDBLOCK]><![endif]--> </a>
 <!--[if BLOCK]><![endif]--><!--[if ENDBLOCK]><![endif]--></li>
 <li
 class="fi-sidebar-item fi-sidebar-item-has-url"
>
 <a
 href="http://localhost:8000/operations/operations/opportunities"
 x-on:click="window.matchMedia(`(max-width: 1024px)`).matches && $store.sidebar.close()"
 class="fi-sidebar-item-btn"
 >
 <!--[if BLOCK]><![endif]--> <svg class="fi-icon fi-size-lg fi-sidebar-item-icon" xmlns="http://www.w3.org/2000/svg" fill="none" viewBox="0 0 24 24" stroke-width="1.5" stroke="currentColor" aria-hidden="true" data-slot="icon">
 <path stroke-linecap="round" stroke-linejoin="round" d="M20.25 14.15v4.25c0 1.094-.787 2.036-1.872 2.18-2.087.277-4.216.42-6.378.42s-4.291-.143-6.378-.42c-1.085-.144-1.872-1.086-1.872-2.18v-4.25m16.5 0a2.18 2.18 0 0 0 .75-1.661V8.706c0-1.081-.768-2.015-1.837-2.175a48.114 48.114 0 0 0-3.413-.387m4.5 8.006c-.194.165-.42.295-.673.38A23.978 23.978 0 0 1 12 15.75c-2.648 0-5.195-.429-7.577-1.22a2.016 2.016 0 0 1-.673-.38m0 0A2.18 2.18 0 0 1 3 12.489V8.706c0-1.081.768-2.015 1.837-2.175a48.111 48.111 0 0 1 3.413-.387m7.5 0V5.25A2.25 2.25 0 0 0 13.5 3h-3a2.25 2.25 0 0 0-2.25 2.25v.894m7.5 0a48.667 48.667 0 0 0-7.5 0M12 12.75h.008v.008H12v-.008Z"/>
</svg>
 <!--[if ENDBLOCK]><![endif]-->
 <!--[if BLOCK]><![endif]--><!--[if ENDBLOCK]><![endif]-->
 <span
 class="fi-sidebar-item-label"
 >
 Opportunities
 <!--[if BLOCK]><![endif]--><!--[if ENDBLOCK]><![endif]-->
 <!--[if BLOCK]><![endif]--><!--[if ENDBLOCK]><![endif]-->
 </span>
 <!--[if BLOCK]><![endif]--><!--[if ENDBLOCK]><![endif]--> </a>
 <!--[if BLOCK]><![endif]--><!--[if ENDBLOCK]><![endif]--></li>
 <!--[if ENDBLOCK]><![endif]--> </ul>
</li>
 <li
 x-data="{ label: 'Leasing \u0026 Finance' }"
 data-group-label="Leasing &amp; Finance"
 x-bind:class="{ 'fi-collapsed': $store.sidebar.groupIsCollapsed(label) }"
 class="fi-sidebar-group fi-collapsible"
>
 <!--[if BLOCK]><![endif]--> <div
 x-on:click="$store.sidebar.toggleCollapsedGroup(label)"
 class="fi-sidebar-group-btn"
 >
 <!--[if BLOCK]><![endif]--><!--[if ENDBLOCK]><![endif]-->
 <span class="fi-sidebar-group-label">
 Leasing &amp; Finance
 </span>
 <!--[if BLOCK]><![endif]--> <button
 class="fi-icon-btn fi-size-md fi-sidebar-group-collapse-btn" title="Leasing &amp; Finance" aria-label="Leasing &amp; Finance" type="button" wire:loading.attr="disabled" x-bind:aria-expanded="! $store.sidebar.groupIsCollapsed(label)" x-on:click.stop="$store.sidebar.toggleCollapsedGroup(label)"
>
 <svg class="fi-icon fi-size-md" xmlns="http://www.w3.org/2000/svg" viewBox="0 0 20 20" fill="currentColor" aria-hidden="true" data-slot="icon">
 <path fill-rule="evenodd" d="M9.47 6.47a.75.75 0 0 1 1.06 0l4.25 4.25a.75.75 0 1 1-1.06 1.06L10 8.06l-3.72 3.72a.75.75 0 0 1-1.06-1.06l4.25-4.25Z" clip-rule="evenodd"/>
</svg>
 <!--[if BLOCK]><![endif]--><!--[if ENDBLOCK]><![endif]-->
 <!--[if BLOCK]><![endif]--><!--[if ENDBLOCK]><![endif]--></button>
 <!--[if ENDBLOCK]><![endif]--> </div>
 <!--[if ENDBLOCK]><![endif]-->
 <!--[if BLOCK]><![endif]--><!--[if ENDBLOCK]><![endif]-->
 <ul
 x-show="! $store.sidebar.groupIsCollapsed(label)"
 x-collapse.duration.200ms
 class="fi-sidebar-group-items"
 >
 <!--[if BLOCK]><![endif]--> 
 <li
 class="fi-sidebar-item fi-sidebar-item-has-url"
>
 <a
 href="http://localhost:8000/operations/owner-payouts"
 x-on:click="window.matchMedia(`(max-width: 1024px)`).matches && $store.sidebar.close()"
 class="fi-sidebar-item-btn"
 >
 <!--[if BLOCK]><![endif]--> <svg class="fi-icon fi-size-lg fi-sidebar-item-icon" xmlns="http://www.w3.org/2000/svg" fill="none" viewBox="0 0 24 24" stroke-width="1.5" stroke="currentColor" aria-hidden="true" data-slot="icon">
 <path stroke-linecap="round" stroke-linejoin="round" d="M6 6.878V6a2.25 2.25 0 0 1 2.25-2.25h7.5A2.25 2.25 0 0 1 18 6v.878m-12 0c.235-.083.487-.128.75-.128h10.5c.263 0 .515.045.75.128m-12 0A2.25 2.25 0 0 0 4.5 9v.878m13.5-3A2.25 2.25 0 0 1 19.5 9v.878m0 0a2.246 2.246 0 0 0-.75-.128H5.25c-.263 0-.515.045-.75.128m15 0A2.25 2.25 0 0 1 21 12v6a2.25 2.25 0 0 1-2.25 2.25H5.25A2.25 2.25 0 0 1 3 18v-6c0-.98.626-1.813 1.5-2.122"/>
</svg>
 <!--[if ENDBLOCK]><![endif]-->
 <!--[if BLOCK]><![endif]--><!--[if ENDBLOCK]><![endif]-->
 <span
 class="fi-sidebar-item-label"
 >
 Owner Payouts
 <!--[if BLOCK]><![endif]--><!--[if ENDBLOCK]><![endif]-->
 <!--[if BLOCK]><![endif]--><!--[if ENDBLOCK]><![endif]-->
 </span>
 <!--[if BLOCK]><![endif]--><!--[if ENDBLOCK]><![endif]--> </a>
 <!--[if BLOCK]><![endif]--><!--[if ENDBLOCK]><![endif]--></li>
 <li
 class="fi-sidebar-item fi-sidebar-item-has-url"
>
 <a
 href="http://localhost:8000/operations/rent-payments"
 x-on:click="window.matchMedia(`(max-width: 1024px)`).matches && $store.sidebar.close()"
 class="fi-sidebar-item-btn"
 >
 <!--[if BLOCK]><![endif]--> <svg class="fi-icon fi-size-lg fi-sidebar-item-icon" xmlns="http://www.w3.org/2000/svg" fill="none" viewBox="0 0 24 24" stroke-width="1.5" stroke="currentColor" aria-hidden="true" data-slot="icon">
 <path stroke-linecap="round" stroke-linejoin="round" d="M6 6.878V6a2.25 2.25 0 0 1 2.25-2.25h7.5A2.25 2.25 0 0 1 18 6v.878m-12 0c.235-.083.487-.128.75-.128h10.5c.263 0 .515.045.75.128m-12 0A2.25 2.25 0 0 0 4.5 9v.878m13.5-3A2.25 2.25 0 0 1 19.5 9v.878m0 0a2.246 2.246 0 0 0-.75-.128H5.25c-.263 0-.515.045-.75.128m15 0A2.25 2.25 0 0 1 21 12v6a2.25 2.25 0 0 1-2.25 2.25H5.25A2.25 2.25 0 0 1 3 18v-6c0-.98.626-1.813 1.5-2.122"/>
</svg>
 <!--[if ENDBLOCK]><![endif]-->
 <!--[if BLOCK]><![endif]--><!--[if ENDBLOCK]><![endif]-->
 <span
 class="fi-sidebar-item-label"
 >
 Rent Payments
 <!--[if BLOCK]><![endif]--><!--[if ENDBLOCK]><![endif]-->
 <!--[if BLOCK]><![endif]--><!--[if ENDBLOCK]><![endif]-->
 </span>
 <!--[if BLOCK]><![endif]--><!--[if ENDBLOCK]><![endif]--> </a>
 <!--[if BLOCK]><![endif]--><!--[if ENDBLOCK]><![endif]--></li>
 <li
 class="fi-sidebar-item fi-sidebar-item-has-url"
>
 <a
 href="http://localhost:8000/operations/tenancy-agreements"
 x-on:click="window.matchMedia(`(max-width: 1024px)`).matches && $store.sidebar.close()"
 class="fi-sidebar-item-btn"
 >
 <!--[if BLOCK]><![endif]--> <svg class="fi-icon fi-size-lg fi-sidebar-item-icon" xmlns="http://www.w3.org/2000/svg" fill="none" viewBox="0 0 24 24" stroke-width="1.5" stroke="currentColor" aria-hidden="true" data-slot="icon">
 <path stroke-linecap="round" stroke-linejoin="round" d="M6 6.878V6a2.25 2.25 0 0 1 2.25-2.25h7.5A2.25 2.25 0 0 1 18 6v.878m-12 0c.235-.083.487-.128.75-.128h10.5c.263 0 .515.045.75.128m-12 0A2.25 2.25 0 0 0 4.5 9v.878m13.5-3A2.25 2.25 0 0 1 19.5 9v.878m0 0a2.246 2.246 0 0 0-.75-.128H5.25c-.263 0-.515.045-.75.128m15 0A2.25 2.25 0 0 1 21 12v6a2.25 2.25 0 0 1-2.25 2.25H5.25A2.25 2.25 0 0 1 3 18v-6c0-.98.626-1.813 1.5-2.122"/>
</svg>
 <!--[if ENDBLOCK]><![endif]-->
 <!--[if BLOCK]><![endif]--><!--[if ENDBLOCK]><![endif]-->
 <span
 class="fi-sidebar-item-label"
 >
 Tenancy Agreements
 <!--[if BLOCK]><![endif]--><!--[if ENDBLOCK]><![endif]-->
 <!--[if BLOCK]><![endif]--><!--[if ENDBLOCK]><![endif]-->
 </span>
 <!--[if BLOCK]><![endif]--><!--[if ENDBLOCK]><![endif]--> </a>
 <!--[if BLOCK]><![endif]--><!--[if ENDBLOCK]><![endif]--></li>
 <!--[if ENDBLOCK]><![endif]--> </ul>
</li>
 <li
 x-data="{ label: 'Settings' }"
 data-group-label="Settings"
 x-bind:class="{ 'fi-collapsed': $store.sidebar.groupIsCollapsed(label) }"
 class="fi-sidebar-group fi-collapsible"
>
 <!--[if BLOCK]><![endif]--> <div
 x-on:click="$store.sidebar.toggleCollapsedGroup(label)"
 class="fi-sidebar-group-btn"
 >
 <!--[if BLOCK]><![endif]--><!--[if ENDBLOCK]><![endif]-->
 <span class="fi-sidebar-group-label">
 Settings
 </span>
 <!--[if BLOCK]><![endif]--> <button
 class="fi-icon-btn fi-size-md fi-sidebar-group-collapse-btn" title="Settings" aria-label="Settings" type="button" wire:loading.attr="disabled" x-bind:aria-expanded="! $store.sidebar.groupIsCollapsed(label)" x-on:click.stop="$store.sidebar.toggleCollapsedGroup(label)"
>
 <svg class="fi-icon fi-size-md" xmlns="http://www.w3.org/2000/svg" viewBox="0 0 20 20" fill="currentColor" aria-hidden="true" data-slot="icon">
 <path fill-rule="evenodd" d="M9.47 6.47a.75.75 0 0 1 1.06 0l4.25 4.25a.75.75 0 1 1-1.06 1.06L10 8.06l-3.72 3.72a.75.75 0 0 1-1.06-1.06l4.25-4.25Z" clip-rule="evenodd"/>
</svg>
 <!--[if BLOCK]><![endif]--><!--[if ENDBLOCK]><![endif]-->
 <!--[if BLOCK]><![endif]--><!--[if ENDBLOCK]><![endif]--></button>
 <!--[if ENDBLOCK]><![endif]--> </div>
 <!--[if ENDBLOCK]><![endif]-->
 <!--[if BLOCK]><![endif]--><!--[if ENDBLOCK]><![endif]-->
 <ul
 x-show="! $store.sidebar.groupIsCollapsed(label)"
 x-collapse.duration.200ms
 class="fi-sidebar-group-items"
 >
 <!--[if BLOCK]><![endif]--> 
 <li
 class="fi-sidebar-item fi-sidebar-item-has-url"
>
 <a
 href="http://localhost:8000/operations/administration"
 x-on:click="window.matchMedia(`(max-width: 1024px)`).matches && $store.sidebar.close()"
 class="fi-sidebar-item-btn"
 >
 <!--[if BLOCK]><![endif]--> <svg class="fi-icon fi-size-lg fi-sidebar-item-icon" xmlns="http://www.w3.org/2000/svg" fill="none" viewBox="0 0 24 24" stroke-width="1.5" stroke="currentColor" aria-hidden="true" data-slot="icon">
 <path stroke-linecap="round" stroke-linejoin="round" d="M9 12.75 11.25 15 15 9.75m-3-7.036A11.959 11.959 0 0 1 3.598 6 11.99 11.99 0 0 0 3 9.749c0 5.592 3.824 10.29 9 11.623 5.176-1.332 9-6.03 9-11.622 0-1.31-.21-2.571-.598-3.751h-.152c-3.196 0-6.1-1.248-8.25-3.285Z"/>
</svg>
 <!--[if ENDBLOCK]><![endif]-->
 <!--[if BLOCK]><![endif]--><!--[if ENDBLOCK]><![endif]-->
 <span
 class="fi-sidebar-item-label"
 >
 Administration
 <!--[if BLOCK]><![endif]--><!--[if ENDBLOCK]><![endif]-->
 <!--[if BLOCK]><![endif]--><!--[if ENDBLOCK]><![endif]-->
 </span>
 <!--[if BLOCK]><![endif]--><!--[if ENDBLOCK]><![endif]--> </a>
 <!--[if BLOCK]><![endif]--><!--[if ENDBLOCK]><![endif]--></li>
 <li
 class="fi-sidebar-item fi-sidebar-item-has-url"
>
 <a
 href="http://localhost:8000/operations/geographic"
 x-on:click="window.matchMedia(`(max-width: 1024px)`).matches && $store.sidebar.close()"
 class="fi-sidebar-item-btn"
 >
 <!--[if BLOCK]><![endif]--> <svg class="fi-icon fi-size-lg fi-sidebar-item-icon" xmlns="http://www.w3.org/2000/svg" fill="none" viewBox="0 0 24 24" stroke-width="1.5" stroke="currentColor" aria-hidden="true" data-slot="icon">
 <path stroke-linecap="round" stroke-linejoin="round" d="M12 21a9.004 9.004 0 0 0 8.716-6.747M12 21a9.004 9.004 0 0 1-8.716-6.747M12 21c2.485 0 4.5-4.03 4.5-9S14.485 3 12 3m0 18c-2.485 0-4.5-4.03-4.5-9S9.515 3 12 3m0 0a8.997 8.997 0 0 1 7.843 4.582M12 3a8.997 8.997 0 0 0-7.843 4.582m15.686 0A11.953 11.953 0 0 1 12 10.5c-2.998 0-5.74-1.1-7.843-2.918m15.686 0A8.959 8.959 0 0 1 21 12c0 .778-.099 1.533-.284 2.253m0 0A17.919 17.919 0 0 1 12 16.5c-3.162 0-6.133-.815-8.716-2.247m0 0A9.015 9.015 0 0 1 3 12c0-1.605.42-3.113 1.157-4.418"/>
</svg>
 <!--[if ENDBLOCK]><![endif]-->
 <!--[if BLOCK]><![endif]--><!--[if ENDBLOCK]><![endif]-->
 <span
 class="fi-sidebar-item-label"
 >
 Geographic
 <!--[if BLOCK]><![endif]--><!--[if ENDBLOCK]><![endif]-->
 <!--[if BLOCK]><![endif]--><!--[if ENDBLOCK]><![endif]-->
 </span>
 <!--[if BLOCK]><![endif]--><!--[if ENDBLOCK]><![endif]--> </a>
 <!--[if BLOCK]><![endif]--><!--[if ENDBLOCK]><![endif]--></li>
 <li
 class="fi-sidebar-item fi-sidebar-item-has-url"
>
 <a
 href="http://localhost:8000/operations/reference-data"
 x-on:click="window.matchMedia(`(max-width: 1024px)`).matches && $store.sidebar.close()"
 class="fi-sidebar-item-btn"
 >
 <!--[if BLOCK]><![endif]--> <svg class="fi-icon fi-size-lg fi-sidebar-item-icon" xmlns="http://www.w3.org/2000/svg" fill="none" viewBox="0 0 24 24" stroke-width="1.5" stroke="currentColor" aria-hidden="true" data-slot="icon">
 <path stroke-linecap="round" stroke-linejoin="round" d="M10.5 6h9.75M10.5 6a1.5 1.5 0 1 1-3 0m3 0a1.5 1.5 0 1 0-3 0M3.75 6H7.5m3 12h9.75m-9.75 0a1.5 1.5 0 0 1-3 0m3 0a1.5 1.5 0 0 0-3 0m-3.75 0H7.5m9-6h3.75m-3.75 0a1.5 1.5 0 0 1-3 0m3 0a1.5 1.5 0 0 0-3 0m-9.75 0h9.75"/>
</svg>
 <!--[if ENDBLOCK]><![endif]-->
 <!--[if BLOCK]><![endif]--><!--[if ENDBLOCK]><![endif]-->
 <span
 class="fi-sidebar-item-label"
 >
 Reference Data
 <!--[if BLOCK]><![endif]--><!--[if ENDBLOCK]><![endif]-->
 <!--[if BLOCK]><![endif]--><!--[if ENDBLOCK]><![endif]-->
 </span>
 <!--[if BLOCK]><![endif]--><!--[if ENDBLOCK]><![endif]--> </a>
 <!--[if BLOCK]><![endif]--><!--[if ENDBLOCK]><![endif]--></li>
 <li
 class="fi-sidebar-item fi-sidebar-item-has-url"
>
 <a
 href="http://localhost:8000/operations/notification-templates"
 x-on:click="window.matchMedia(`(max-width: 1024px)`).matches && $store.sidebar.close()"
 class="fi-sidebar-item-btn"
 >
 <!--[if BLOCK]><![endif]--> <svg class="fi-icon fi-size-lg fi-sidebar-item-icon" xmlns="http://www.w3.org/2000/svg" fill="none" viewBox="0 0 24 24" stroke-width="1.5" stroke="currentColor" aria-hidden="true" data-slot="icon">
 <path stroke-linecap="round" stroke-linejoin="round" d="M6 6.878V6a2.25 2.25 0 0 1 2.25-2.25h7.5A2.25 2.25 0 0 1 18 6v.878m-12 0c.235-.083.487-.128.75-.128h10.5c.263 0 .515.045.75.128m-12 0A2.25 2.25 0 0 0 4.5 9v.878m13.5-3A2.25 2.25 0 0 1 19.5 9v.878m0 0a2.246 2.246 0 0 0-.75-.128H5.25c-.263 0-.515.045-.75.128m15 0A2.25 2.25 0 0 1 21 12v6a2.25 2.25 0 0 1-2.25 2.25H5.25A2.25 2.25 0 0 1 3 18v-6c0-.98.626-1.813 1.5-2.122"/>
</svg>
 <!--[if ENDBLOCK]><![endif]-->
 <!--[if BLOCK]><![endif]--><!--[if ENDBLOCK]><![endif]-->
 <span
 class="fi-sidebar-item-label"
 >
 Notification Templates
 <!--[if BLOCK]><![endif]--><!--[if ENDBLOCK]><![endif]-->
 <!--[if BLOCK]><![endif]--><!--[if ENDBLOCK]><![endif]-->
 </span>
 <!--[if BLOCK]><![endif]--><!--[if ENDBLOCK]><![endif]--> </a>
 <!--[if BLOCK]><![endif]--><!--[if ENDBLOCK]><![endif]--></li>
 <!--[if ENDBLOCK]><![endif]--> </ul>
</li>
 <!--[if ENDBLOCK]><![endif]--> </ul>
 <script>
 var collapsedGroups = JSON.parse(
 localStorage.getItem('collapsedGroups'),
 )
 if (collapsedGroups === null || collapsedGroups === 'null') {
 localStorage.setItem(
 'collapsedGroups',
 JSON.stringify([]),
 )
 }
 collapsedGroups = JSON.parse(
 localStorage.getItem('collapsedGroups'),
 )
 document
 .querySelectorAll('.fi-sidebar-group')
 .forEach((group) => {
 if (
 !collapsedGroups.includes(group.dataset.groupLabel)
 ) {
 return
 }
 // Alpine.js loads too slow, so attempt to hide a
 // collapsed sidebar group earlier.
 group.querySelector(
 '.fi-sidebar-group-items',
 ).style.display = 'none'
 group.classList.add('fi-collapsed')
 })
 </script>
 </nav>
 <!--[if BLOCK]><![endif]--><!--[if ENDBLOCK]><![endif]-->
 </aside>
 <!--[if BLOCK]><![endif]--> <div
 wire:partial="action-modals"
 x-data="filamentActionModals({
 livewireId: 'WxCIhoN7aoWmaFYPINYo',
 })"
 style="height: 0"
 >
 <!--[if BLOCK]><![endif]--><!--[if ENDBLOCK]><![endif]--> </div>
 <!--[if ENDBLOCK]><![endif]--></div>
 <div
 x-data="{}"
 x-bind:style="'display: flex; opacity:1;'" 
 class="fi-main-ctn"
 >
 <main
 class="fi-main fi-width-7xl"
 >
 <div wire:snapshot="{&quot;data&quot;:{&quot;data&quot;:[{&quot;id&quot;:&quot;01kxszjhjayzb7z6fjch7vncs7&quot;,&quot;code&quot;:null,&quot;status&quot;:&quot;draft&quot;,&quot;building_name&quot;:&quot;Appartment at Ganeshguri&quot;,&quot;address_line_1&quot;:&quot;House No 203, Namghar Path, Birkuchi, Narengi&quot;,&quot;address_line_2&quot;:null,&quot;locality&quot;:null,&quot;area&quot;:null,&quot;city&quot;:null,&quot;district&quot;:null,&quot;state&quot;:null,&quot;country&quot;:null,&quot;pincode&quot;:null,&quot;landmark&quot;:null,&quot;latitude&quot;:null,&quot;longitude&quot;:null,&quot;bhk_type_id&quot;:&quot;01KXSV8122BWTR68NS8RPX0M40&quot;,&quot;property_type_id&quot;:&quot;01KXSV811PB44JTQE2DWYY17DQ&quot;,&quot;floor&quot;:null,&quot;total_floors&quot;:null,&quot;floor_space_sqft&quot;:null,&quot;flooring_type_id&quot;:null,&quot;furnishing_type_id&quot;:null,&quot;pricing_model&quot;:null,&quot;is_promoted&quot;:false,&quot;available_from&quot;:null,&quot;assigned_executive_id&quot;:null,&quot;archived_at&quot;:null,&quot;archived_reason&quot;:null,&quot;created_at&quot;:&quot;2026-07-18T06:45:44.000000Z&quot;,&quot;updated_at&quot;:&quot;2026-07-18T06:45:44.000000Z&quot;,&quot;locality_id&quot;:null,&quot;mou_id&quot;:&quot;01kxszayw2vm77vgf65644hy62&quot;,&quot;state_id&quot;:null,&quot;district_id&quot;:null,&quot;city_id&quot;:null},{&quot;s&quot;:&quot;arr&quot;}],&quot;previousUrl&quot;:&quot;http:\/\/localhost:8000&quot;,&quot;mountedActions&quot;:[[],{&quot;s&quot;:&quot;arr&quot;}],&quot;defaultAction&quot;:null,&quot;defaultActionArguments&quot;:null,&quot;defaultActionContext&quot;:null,&quot;defaultTableAction&quot;:null,&quot;defaultTableActionRecord&quot;:null,&quot;defaultTableActionArguments&quot;:null,&quot;componentFileAttachments&quot;:[[],{&quot;s&quot;:&quot;arr&quot;}],&quot;areSchemaStateUpdateHooksDisabledForTesting&quot;:false,&quot;discoveredSchemaNames&quot;:[[&quot;form&quot;,&quot;content&quot;,&quot;headerWidgets&quot;,&quot;footerWidgets&quot;],{&quot;s&quot;:&quot;arr&quot;}],&quot;parentRecord&quot;:null,&quot;activeRelationManager&quot;:null,&quot;record&quot;:[null,{&quot;class&quot;:&quot;App\\Domain\\Property\\Models\\Property&quot;,&quot;key&quot;:&quot;01kxszjhjayzb7z6fjch7vncs7&quot;,&quot;s&quot;:&quot;mdl&quot;}],&quot;savedDataHash&quot;:null},&quot;memo&quot;:{&quot;id&quot;:&quot;XDHAgs9j86zbJgRO6Uvf&quot;,&quot;name&quot;:&quot;App\\Filament\\Resources\\Properties\\Pages\\OnboardingDashboard&quot;,&quot;path&quot;:&quot;operations\/properties\/01kxszjhjayzb7z6fjch7vncs7\/onboarding&quot;,&quot;method&quot;:&quot;GET&quot;,&quot;release&quot;:&quot;a-a-a&quot;,&quot;children&quot;:{&quot;XDHAgs9j86zbJgRO6Uvf.headerWidgets.App\\Filament\\Resources\\Properties\\Widgets\\OnboardingProgressWidget-0&quot;:[&quot;div&quot;,&quot;VSEsJNOCcu6IhwqThVhM&quot;]},&quot;scripts&quot;:[],&quot;assets&quot;:[],&quot;errors&quot;:[],&quot;locale&quot;:&quot;en&quot;,&quot;islands&quot;:[]},&quot;checksum&quot;:&quot;f1f9a19be284bbb750dd2cd16bbe51d51a3b3ad12b796f312749cb6f17aadc3c&quot;}" wire:effects="{&quot;partials&quot;:[],&quot;url&quot;:{&quot;defaultAction&quot;:{&quot;as&quot;:&quot;action&quot;,&quot;use&quot;:&quot;replace&quot;,&quot;alwaysShow&quot;:false,&quot;except&quot;:null},&quot;defaultActionArguments&quot;:{&quot;as&quot;:&quot;actionArguments&quot;,&quot;use&quot;:&quot;replace&quot;,&quot;alwaysShow&quot;:false,&quot;except&quot;:null},&quot;defaultActionContext&quot;:{&quot;as&quot;:&quot;actionContext&quot;,&quot;use&quot;:&quot;replace&quot;,&quot;alwaysShow&quot;:false,&quot;except&quot;:null},&quot;defaultTableAction&quot;:{&quot;as&quot;:&quot;tableAction&quot;,&quot;use&quot;:&quot;replace&quot;,&quot;alwaysShow&quot;:false,&quot;except&quot;:null},&quot;defaultTableActionRecord&quot;:{&quot;as&quot;:&quot;tableActionRecord&quot;,&quot;use&quot;:&quot;replace&quot;,&quot;alwaysShow&quot;:false,&quot;except&quot;:null},&quot;defaultTableActionArguments&quot;:{&quot;as&quot;:&quot;tableActionArguments&quot;,&quot;use&quot;:&quot;replace&quot;,&quot;alwaysShow&quot;:false,&quot;except&quot;:null},&quot;activeRelationManager&quot;:{&quot;as&quot;:&quot;relation&quot;,&quot;use&quot;:&quot;replace&quot;,&quot;alwaysShow&quot;:false,&quot;except&quot;:null}},&quot;listeners&quot;:[&quot;refresh-page&quot;]}" wire:id="XDHAgs9j86zbJgRO6Uvf" wire:name="App\Filament\Resources\Properties\Pages\OnboardingDashboard"
 class="fi-page fi-resource-edit-record-page fi-resource-properties fi-resource-record-01kxszjhjayzb7z6fjch7vncs7"
>
 <div class="fi-page-header-main-ctn">
 <!--[if BLOCK]><![endif]--><!--[if ENDBLOCK]><![endif]-->
 <!--[if BLOCK]><![endif]--> 
 <!--[if BLOCK]><![endif]--> <header
 class="fi-header fi-header-has-breadcrumbs"
>
 <div>
 <!--[if BLOCK]><![endif]--> <nav class="fi-breadcrumbs">
 <ol class="fi-breadcrumbs-list">
 <!--[if BLOCK]><![endif]--> <li class="fi-breadcrumbs-item">
 <!--[if BLOCK]><![endif]--><!--[if ENDBLOCK]><![endif]-->
 <!--[if BLOCK]><![endif]--> <a
 href="http://localhost:8000/operations/properties"
 class="fi-breadcrumbs-item-label"
 >
 Properties
 </a>
 <!--[if ENDBLOCK]><![endif]--> </li>
 <li class="fi-breadcrumbs-item">
 <!--[if BLOCK]><![endif]--> <svg class="fi-icon fi-size-md fi-breadcrumbs-item-separator fi-ltr" xmlns="http://www.w3.org/2000/svg" viewBox="0 0 20 20" fill="currentColor" aria-hidden="true" data-slot="icon">
 <path fill-rule="evenodd" d="M8.22 5.22a.75.75 0 0 1 1.06 0l4.25 4.25a.75.75 0 0 1 0 1.06l-4.25 4.25a.75.75 0 0 1-1.06-1.06L11.94 10 8.22 6.28a.75.75 0 0 1 0-1.06Z" clip-rule="evenodd"/>
</svg>
 <svg class="fi-icon fi-size-md fi-breadcrumbs-item-separator fi-rtl" xmlns="http://www.w3.org/2000/svg" viewBox="0 0 20 20" fill="currentColor" aria-hidden="true" data-slot="icon">
 <path fill-rule="evenodd" d="M11.78 5.22a.75.75 0 0 1 0 1.06L8.06 10l3.72 3.72a.75.75 0 1 1-1.06 1.06l-4.25-4.25a.75.75 0 0 1 0-1.06l4.25-4.25a.75.75 0 0 1 1.06 0Z" clip-rule="evenodd"/>
</svg>
 <!--[if ENDBLOCK]><![endif]-->
 <!--[if BLOCK]><![endif]--> <span class="fi-breadcrumbs-item-label">
 Edit
 </span>
 <!--[if ENDBLOCK]><![endif]--> </li>
 <!--[if ENDBLOCK]><![endif]--> </ol>
</nav>
 <!--[if ENDBLOCK]><![endif]-->
 <!--[if BLOCK]><![endif]--> <h1 class="fi-header-heading">
 Onboarding Dashboard
 </h1>
 <!--[if ENDBLOCK]><![endif]-->
 <!--[if BLOCK]><![endif]--><!--[if ENDBLOCK]><![endif]--> </div>
 <!--[if BLOCK]><![endif]--><!--[if ENDBLOCK]><![endif]--></header>
 <!--[if ENDBLOCK]><![endif]--> <!--[if ENDBLOCK]><![endif]-->
 <div class="fi-page-main">
 <!--[if BLOCK]><![endif]--><!--[if ENDBLOCK]><![endif]-->
 <div class="fi-page-content">
 <div class="fi-sc fi-sc-has-gap fi-grid" style="--cols-default: repeat(1, minmax(0, 1fr));" x-data="filamentSchema({ livewireId: 'XDHAgs9j86zbJgRO6Uvf' })" x-on:form-validation-error.window="handleFormValidationError">
 <div
 x-data="filamentSchemaComponent({
 path: '',
 containerPath: '',
 $wire,
 })"
 class="fi-grid-col" style="--col-span-default: span 1 / span 1;" >
 <div
 class="fi-sc-component"
 >
 <div
>
 <div class="fi-sc fi-sc-has-gap fi-grid lg:fi-grid-cols" style="--cols-lg: repeat(2, minmax(0, 1fr)); --cols-default: repeat(1, minmax(0, 1fr));">
 <!--[if BLOCK]><![endif]-->
 <div wire:key="XDHAgs9j86zbJgRO6Uvf.headerWidgets.App\Filament\Resources\Properties\Widgets\OnboardingProgressWidget-0" wire:snapshot="{&quot;data&quot;:{&quot;record&quot;:[null,{&quot;class&quot;:&quot;App\\Domain\\Property\\Models\\Property&quot;,&quot;key&quot;:&quot;01kxszjhjayzb7z6fjch7vncs7&quot;,&quot;s&quot;:&quot;mdl&quot;}]},&quot;memo&quot;:{&quot;id&quot;:&quot;VSEsJNOCcu6IhwqThVhM&quot;,&quot;name&quot;:&quot;App\\Filament\\Resources\\Properties\\Widgets\\OnboardingProgressWidget&quot;,&quot;path&quot;:&quot;operations\/properties\/01kxszjhjayzb7z6fjch7vncs7\/onboarding&quot;,&quot;method&quot;:&quot;GET&quot;,&quot;release&quot;:&quot;a-a-a&quot;,&quot;children&quot;:[],&quot;scripts&quot;:[],&quot;assets&quot;:[],&quot;lazyLoaded&quot;:false,&quot;lazyIsolated&quot;:true,&quot;errors&quot;:[],&quot;locale&quot;:&quot;en&quot;,&quot;islands&quot;:[]},&quot;checksum&quot;:&quot;8ab86be9ed3d0c27e2bead70387620c57e1656b6dee6a8c6b8fffca78f92de7e&quot;}" wire:effects="{&quot;partials&quot;:[]}" wire:id="VSEsJNOCcu6IhwqThVhM" wire:name="App\Filament\Resources\Properties\Widgets\OnboardingProgressWidget" x-intersect="$wire.__lazyLoad(&#039;eyJkYXRhIjp7ImZvck1vdW50IjpbeyJyZWNvcmQiOltudWxsLHsiY2xhc3MiOiJBcHBcXERvbWFpblxcUHJvcGVydHlcXE1vZGVsc1xcUHJvcGVydHkiLCJrZXkiOiIwMWt4c3pqaGpheXpiN3o2ZmpjaDd2bmNzNyIsInMiOiJtZGwifV19LHsicyI6ImFyciJ9XX0sIm1lbW8iOnsiaWQiOiJ3U0tpeExCdFJSSng1QWVqTEdSbiIsIm5hbWUiOiJfX21vdW50UGFyYW1zQ29udGFpbmVyIiwicGF0aCI6Im9wZXJhdGlvbnNcL3Byb3BlcnRpZXNcLzAxa3hzempoamF5emI3ejZmamNoN3ZuY3M3XC9vbmJvYXJkaW5nIiwibWV0aG9kIjoiR0VUIiwicmVsZWFzZSI6ImEtYS1hIn0sImNoZWNrc3VtIjoiYWVhMmU5M2JjY2E2YzBhODg1OGE3Y2FhYjk1MmFjMWQzMzVkN2VjMzY5ZDE5ZDYxOGQzZDM4Mjk1MTA1MzM3OCJ9&#039;)"
 style="height: 8rem; --col-span-lg: 1 / -1;" class="fi-section fi-loading-section fi-grid-col lg:fi-grid-col-span"
></div>
<!--[if ENDBLOCK]><![endif]--> </div>
</div>
 </div>
 </div>
 </div>
 <div class="fi-sc fi-sc-has-gap fi-grid" style="--cols-default: repeat(1, minmax(0, 1fr));" x-data="filamentSchema({ livewireId: 'XDHAgs9j86zbJgRO6Uvf' })" x-on:form-validation-error.window="handleFormValidationError">
 <div
 wire:partial="schema-component::content.relationManagerTabs"
 x-data="filamentSchemaComponent({
 path: '',
 containerPath: '',
 $wire,
 })"
 class="fi-grid-col" style="--col-span-default: span 1 / span 1;" wire:key="XDHAgs9j86zbJgRO6Uvf.content.relationManagerTabs" >
 <div
 class="fi-sc-component"
 >
 <!--[if BLOCK]><![endif]--> 
 <div
 class="fi-sc-tabs" id="content.relationManagerTabs" wire:key="XDHAgs9j86zbJgRO6Uvf.content.relationManagerTabs.container"
 >
 <nav
 class="fi-tabs" role="tablist"
>
 <!--[if BLOCK]><![endif]--><!--[if ENDBLOCK]><![endif]-->
 <!--[if BLOCK]><![endif]--> 
 <button
 type="button"
 class="fi-tabs-item fi-active" aria-selected="aria-selected" role="tab" wire:click="$set(&#039;activeRelationManager&#039;, null)"
>
 <!--[if BLOCK]><![endif]--> <svg class="fi-icon fi-size-md" xmlns="http://www.w3.org/2000/svg" fill="none" viewBox="0 0 24 24" stroke-width="1.5" stroke="currentColor" aria-hidden="true" data-slot="icon">
 <path stroke-linecap="round" stroke-linejoin="round" d="m11.25 11.25.041-.02a.75.75 0 0 1 1.063.852l-.708 2.836a.75.75 0 0 0 1.063.853l.041-.021M21 12a9 9 0 1 1-18 0 9 9 0 0 1 18 0Zm-9-3.75h.008v.008H12V8.25Z"/>
</svg>
 <!--[if ENDBLOCK]><![endif]-->
 <span class="fi-tabs-item-label">
 Property Overview
 </span>
 <!--[if BLOCK]><![endif]--><!--[if ENDBLOCK]><![endif]-->
 <!--[if BLOCK]><![endif]--><!--[if ENDBLOCK]><![endif]--></button>
 <button
 type="button"
 class="fi-tabs-item" role="tab" wire:click="$set(&#039;activeRelationManager&#039;, &#039;0&#039;)"
>
 <!--[if BLOCK]><![endif]--><!--[if ENDBLOCK]><![endif]-->
 <span class="fi-tabs-item-label">
 Documents
 </span>
 <!--[if BLOCK]><![endif]--><!--[if ENDBLOCK]><![endif]-->
 <!--[if BLOCK]><![endif]--><!--[if ENDBLOCK]><![endif]--></button>
 <button
 type="button"
 class="fi-tabs-item" role="tab" wire:click="$set(&#039;activeRelationManager&#039;, &#039;1&#039;)"
>
 <!--[if BLOCK]><![endif]--><!--[if ENDBLOCK]><![endif]-->
 <span class="fi-tabs-item-label">
 Rooms
 </span>
 <!--[if BLOCK]><![endif]--><!--[if ENDBLOCK]><![endif]-->
 <!--[if BLOCK]><![endif]--><!--[if ENDBLOCK]><![endif]--></button>
 <button
 type="button"
 class="fi-tabs-item" role="tab" wire:click="$set(&#039;activeRelationManager&#039;, &#039;2&#039;)"
>
 <!--[if BLOCK]><![endif]--><!--[if ENDBLOCK]><![endif]-->
 <span class="fi-tabs-item-label">
 Inventories
 </span>
 <!--[if BLOCK]><![endif]--><!--[if ENDBLOCK]><![endif]-->
 <!--[if BLOCK]><![endif]--><!--[if ENDBLOCK]><![endif]--></button>
 <button
 type="button"
 class="fi-tabs-item" role="tab" wire:click="$set(&#039;activeRelationManager&#039;, &#039;3&#039;)"
>
 <!--[if BLOCK]><![endif]--><!--[if ENDBLOCK]><![endif]-->
 <span class="fi-tabs-item-label">
 Amenities
 </span>
 <!--[if BLOCK]><![endif]--><!--[if ENDBLOCK]><![endif]-->
 <!--[if BLOCK]><![endif]--><!--[if ENDBLOCK]><![endif]--></button>
 <button
 type="button"
 class="fi-tabs-item" role="tab" wire:click="$set(&#039;activeRelationManager&#039;, &#039;4&#039;)"
>
 <!--[if BLOCK]><![endif]--><!--[if ENDBLOCK]><![endif]-->
 <span class="fi-tabs-item-label">
 Establishments
 </span>
 <!--[if BLOCK]><![endif]--><!--[if ENDBLOCK]><![endif]-->
 <!--[if BLOCK]><![endif]--><!--[if ENDBLOCK]><![endif]--></button>
 <button
 type="button"
 class="fi-tabs-item" role="tab" wire:click="$set(&#039;activeRelationManager&#039;, &#039;5&#039;)"
>
 <!--[if BLOCK]><![endif]--><!--[if ENDBLOCK]><![endif]-->
 <span class="fi-tabs-item-label">
 Photos
 </span>
 <!--[if BLOCK]><![endif]--><!--[if ENDBLOCK]><![endif]-->
 <!--[if BLOCK]><![endif]--><!--[if ENDBLOCK]><![endif]--></button>
 <button
 type="button"
 class="fi-tabs-item" role="tab" wire:click="$set(&#039;activeRelationManager&#039;, &#039;6&#039;)"
>
 <!--[if BLOCK]><![endif]--><!--[if ENDBLOCK]><![endif]-->
 <span class="fi-tabs-item-label">
 Pricing Versions
 </span>
 <!--[if BLOCK]><![endif]--><!--[if ENDBLOCK]><![endif]-->
 <!--[if BLOCK]><![endif]--><!--[if ENDBLOCK]><![endif]--></button>
 <button
 type="button"
 class="fi-tabs-item" role="tab" wire:click="$set(&#039;activeRelationManager&#039;, &#039;7&#039;)"
>
 <!--[if BLOCK]><![endif]--><!--[if ENDBLOCK]><![endif]-->
 <span class="fi-tabs-item-label">
 Utilities
 </span>
 <!--[if BLOCK]><![endif]--><!--[if ENDBLOCK]><![endif]-->
 <!--[if BLOCK]><![endif]--><!--[if ENDBLOCK]><![endif]--></button>
 <button
 type="button"
 class="fi-tabs-item" role="tab" wire:click="$set(&#039;activeRelationManager&#039;, &#039;8&#039;)"
>
 <!--[if BLOCK]><![endif]--><!--[if ENDBLOCK]><![endif]-->
 <span class="fi-tabs-item-label">
 Audits
 </span>
 <!--[if BLOCK]><![endif]--><!--[if ENDBLOCK]><![endif]-->
 <!--[if BLOCK]><![endif]--><!--[if ENDBLOCK]><![endif]--></button>
 <button
 type="button"
 class="fi-tabs-item" role="tab" wire:click="$set(&#039;activeRelationManager&#039;, &#039;9&#039;)"
>
 <!--[if BLOCK]><![endif]--><!--[if ENDBLOCK]><![endif]-->
 <span class="fi-tabs-item-label">
 Activities
 </span>
 <!--[if BLOCK]><![endif]--><!--[if ENDBLOCK]><![endif]-->
 <!--[if BLOCK]><![endif]--><!--[if ENDBLOCK]><![endif]--></button>
 <!--[if ENDBLOCK]><![endif]-->
 <!--[if BLOCK]><![endif]--><!--[if ENDBLOCK]><![endif]-->
</nav>
 <!--[if BLOCK]><![endif]--> <!--[if BLOCK]><![endif]--> <!--[if BLOCK]><![endif]--> <div
 class="fi-sc-tabs-tab fi-active" role="tabpanel" wire:key=".container"
 >
 <div class="fi-sc fi-sc-has-gap fi-grid" style="--cols-default: repeat(1, minmax(0, 1fr));">
 <div
 x-data="filamentSchemaComponent({
 path: '',
 containerPath: '',
 $wire,
 })"
 class="fi-grid-col" style="--col-span-default: span 1 / span 1;" >
 <div
 class="fi-sc-component"
 >
 <form
 class="fi-sc-form" id="form" wire:submit="save"
>
 <div class="fi-sc fi-sc-has-gap fi-grid" style="--cols-default: repeat(1, minmax(0, 1fr));">
 <div
 x-data="filamentSchemaComponent({
 path: '',
 containerPath: '',
 $wire,
 })"
 class="fi-grid-col" style="--col-span-default: span 1 / span 1;" >
 <div
 class="fi-sc-component"
 >
 <div class="fi-sc fi-sc-has-gap fi-grid lg:fi-grid-cols" style="--cols-lg: repeat(2, minmax(0, 1fr)); --cols-default: repeat(1, minmax(0, 1fr));" x-data="filamentSchema({ livewireId: 'XDHAgs9j86zbJgRO6Uvf' })" x-on:form-validation-error.window="handleFormValidationError">
 <div
 wire:partial="schema-component::form.primary-details::data::section"
 x-data="filamentSchemaComponent({
 path: 'data',
 containerPath: 'data',
 $wire,
 })"
 class="fi-grid-col" style="--col-span-default: span 1 / span 1;" wire:key="XDHAgs9j86zbJgRO6Uvf.form.primary-details::data::section" >
 <div
 class="fi-sc-component"
 >
 <div
 class="fi-sc-section" id="form.primary-details::data::section"
>
 <!--[if BLOCK]><![endif]--><!--[if ENDBLOCK]><![endif]-->
 <!--[if BLOCK]><![endif]--><!--[if ENDBLOCK]><![endif]-->
 <section
 x-data="{
 isCollapsed: false ,
 }"
 class="fi-section fi-section-has-header"
>
 <!--[if BLOCK]><![endif]--> <header
 class="fi-section-header"
 >
 <!--[if BLOCK]><![endif]--> <div class="fi-section-header-text-ctn">
 <!--[if BLOCK]><![endif]--> <h2 class="fi-section-header-heading">
 Primary Details
 </h2>
 <!--[if ENDBLOCK]><![endif]-->
 <!--[if BLOCK]><![endif]--><!--[if ENDBLOCK]><![endif]--> </div>
 <!--[if ENDBLOCK]><![endif]-->
 <!--[if BLOCK]><![endif]--><!--[if ENDBLOCK]><![endif]-->
 <!--[if BLOCK]><![endif]--><!--[if ENDBLOCK]><![endif]--> </header>
 <!--[if ENDBLOCK]><![endif]-->
 <!--[if BLOCK]><![endif]--> <div
 class="fi-section-content-ctn"
 >
 <!--[if BLOCK]><![endif]--> <div class="fi-sc fi-sc-has-gap fi-grid lg:fi-grid-cols fi-section-content" style="--cols-lg: repeat(2, minmax(0, 1fr)); --cols-default: repeat(1, minmax(0, 1fr));">
 <div
 wire:partial="schema-component::form.building_name"
 x-data="filamentSchemaComponent({
 path: 'data.building_name',
 containerPath: 'data',
 $wire,
 })"
 class="fi-grid-col" style="--col-span-default: span 1 / span 1;" wire:key="XDHAgs9j86zbJgRO6Uvf.form.building_name" >
 <div
 class="fi-sc-component"
 >
 <div
 data-field-wrapper
 class="fi-fo-field"
>
 <!--[if BLOCK]><![endif]--><!--[if ENDBLOCK]><![endif]-->
 <!--[if BLOCK]><![endif]--> <div
 class="fi-fo-field-label-col"
 >
 <div
 class="fi-fo-field-label-ctn "
 >
 <!--[if BLOCK]><![endif]--> <label
 for="form.building_name"
 class="fi-fo-field-label"
 >
 <!--[if BLOCK]><![endif]--> <span class="fi-fo-field-label-content">
 Building name<!--[if BLOCK]><![endif]--><sup class="fi-fo-field-label-required-mark">*</sup>
 <!--[if ENDBLOCK]><![endif]--> </span>
 <!--[if ENDBLOCK]><![endif]-->
 </label>
 <!--[if ENDBLOCK]><![endif]-->
 </div>
 </div>
 <!--[if ENDBLOCK]><![endif]-->
 <!--[if BLOCK]><![endif]--> <div class="fi-fo-field-content-col">
 <!--[if BLOCK]><![endif]--> <div
 class="fi-input-wrp fi-fo-text-input" x-on:focus-input.stop="$el.querySelector('input')?.focus()"
>
 <!--[if BLOCK]><![endif]--><!--[if ENDBLOCK]><![endif]-->
 <div
 class="fi-input-wrp-content-ctn"
 >
 <input
 class="fi-input" id="form.building_name" maxlength="255" required="required" type="text" wire:model="data.building_name"
 />
 </div>
 <!--[if BLOCK]><![endif]--><!--[if ENDBLOCK]><![endif]--></div>
 <!--[if BLOCK]><![endif]--><!--[if ENDBLOCK]><![endif]-->
 <!--[if ENDBLOCK]><![endif]-->
 <!--[if BLOCK]><![endif]--><!--[if ENDBLOCK]><![endif]--> </div>
 <!--[if ENDBLOCK]><![endif]--></div>
 </div>
 </div>
 <div
 wire:partial="schema-component::form.code"
 x-data="filamentSchemaComponent({
 path: 'data.code',
 containerPath: 'data',
 $wire,
 })"
 class="fi-grid-col" style="--col-span-default: span 1 / span 1;" wire:key="XDHAgs9j86zbJgRO6Uvf.form.code" >
 <div
 class="fi-sc-component"
 >
 <div
 data-field-wrapper
 class="fi-fo-field"
>
 <!--[if BLOCK]><![endif]--><!--[if ENDBLOCK]><![endif]-->
 <!--[if BLOCK]><![endif]--> <div
 class="fi-fo-field-label-col"
 >
 <div
 class="fi-fo-field-label-ctn "
 >
 <!--[if BLOCK]><![endif]--> <label
 for="form.code"
 class="fi-fo-field-label"
 >
 <!--[if BLOCK]><![endif]--> <span class="fi-fo-field-label-content">
 Property Code<!--[if BLOCK]><![endif]--><!--[if ENDBLOCK]><![endif]--> </span>
 <!--[if ENDBLOCK]><![endif]-->
 </label>
 <!--[if ENDBLOCK]><![endif]-->
 </div>
 </div>
 <!--[if ENDBLOCK]><![endif]-->
 <!--[if BLOCK]><![endif]--> <div class="fi-fo-field-content-col">
 <!--[if BLOCK]><![endif]--> <div
 class="fi-input-wrp fi-fo-text-input" x-on:focus-input.stop="$el.querySelector('input')?.focus()"
>
 <!--[if BLOCK]><![endif]--><!--[if ENDBLOCK]><![endif]-->
 <div
 class="fi-input-wrp-content-ctn"
 >
 <input
 class="fi-input" id="form.code" maxlength="255" type="text" wire:model="data.code"
 />
 </div>
 <!--[if BLOCK]><![endif]--><!--[if ENDBLOCK]><![endif]--></div>
 <!--[if BLOCK]><![endif]--><!--[if ENDBLOCK]><![endif]-->
 <!--[if ENDBLOCK]><![endif]-->
 <!--[if BLOCK]><![endif]--><!--[if ENDBLOCK]><![endif]--> </div>
 <!--[if ENDBLOCK]><![endif]--></div>
 </div>
 </div>
 <div
 wire:partial="schema-component::form.property_type_id"
 x-data="filamentSchemaComponent({
 path: 'data.property_type_id',
 containerPath: 'data',
 $wire,
 })"
 class="fi-grid-col" style="--col-span-default: span 1 / span 1;" wire:key="XDHAgs9j86zbJgRO6Uvf.form.property_type_id" >
 <div
 class="fi-sc-component"
 >
 <div
 data-field-wrapper
 class="fi-fo-field fi-fo-select-wrp"
>
 <!--[if BLOCK]><![endif]--><!--[if ENDBLOCK]><![endif]-->
 <!--[if BLOCK]><![endif]--> <div
 class="fi-fo-field-label-col"
 >
 <div
 class="fi-fo-field-label-ctn "
 >
 <!--[if BLOCK]><![endif]--> <label
 for="form.property_type_id"
 class="fi-fo-field-label"
 >
 <!--[if BLOCK]><![endif]--> <span class="fi-fo-field-label-content">
 Property type id<!--[if BLOCK]><![endif]--><!--[if ENDBLOCK]><![endif]--> </span>
 <!--[if ENDBLOCK]><![endif]-->
 </label>
 <!--[if ENDBLOCK]><![endif]-->
 </div>
 </div>
 <!--[if ENDBLOCK]><![endif]-->
 <!--[if BLOCK]><![endif]--> <div class="fi-fo-field-content-col">
 <!--[if BLOCK]><![endif]--> <div
 class="fi-input-wrp fi-fo-select" x-on:focus-input.stop="$el.querySelector(&#039;.fi-select-input-btn&#039;)?.focus()"
>
 <!--[if BLOCK]><![endif]--><!--[if ENDBLOCK]><![endif]-->
 <div
 class="fi-input-wrp-content-ctn"
 >
 <!--[if BLOCK]><![endif]--> <div
 class="fi-hidden"
 x-data="{
 isDisabled: false,
 init() {
 const container = $el.nextElementSibling
 container.dispatchEvent(
 new CustomEvent('set-select-property', {
 detail: { isDisabled: this.isDisabled },
 }),
 )
 },
 }"
 ></div>
 <div
 x-load
 x-load-src="http://localhost:8000/js/filament/forms/components/select.js?v=5.6.7.0"
 x-data="selectFormComponent({
 canOptionLabelsWrap: true,
 canSelectPlaceholder: true,
 getOptionLabelUsing: async () => {
 return await Livewire.fireAction(
 $wire.__instance,
 'callSchemaComponentMethod',
 ['form.property_type_id', 'getOptionLabel'],
 { async: true },
 )
 },
 getOptionLabelsUsing: async () => {
 return await Livewire.fireAction(
 $wire.__instance,
 'callSchemaComponentMethod',
 ['form.property_type_id', 'getOptionLabelsForJs'],
 { async: true },
 )
 },
 getOptionsUsing: async () => {
 return await Livewire.fireAction(
 $wire.__instance,
 'callSchemaComponentMethod',
 ['form.property_type_id', 'getOptionsForJs'],
 { async: true },
 )
 },
 getSearchResultsUsing: async (search) => {
 return await Livewire.fireAction(
 $wire.__instance,
 'callSchemaComponentMethod',
 ['form.property_type_id', 'getSearchResultsForJs', { search }],
 { async: true },
 )
 },
 hasDynamicOptions: true,
 hasDynamicSearchResults: false,
 hasInitialNoOptionsMessage: true,
 initialOptionLabel: 'Apartment',
 initialOptionLabels: [],
 initialState: '01KXSV811PB44JTQE2DWYY17DQ',
 isAutofocused: false,
 isDisabled: false,
 isHtmlAllowed: false,
 isMultiple: false,
 isReorderable: false,
 isSearchable: true,
 livewireId: 'XDHAgs9j86zbJgRO6Uvf',
 loadingMessage: 'Loading..',
 maxItems: null,
 maxItemsMessage: 'Only can be selected.',
 noOptionsMessage: 'No options available.',
 noSearchResultsMessage: 'No options match your search.',
 options: JSON.parse('[{\u0022label\u0022:\u0022Apartment\u0022,\u0022value\u0022:\u002201KXSV811PB44JTQE2DWYY17DQ\u0022,\u0022isDisabled\u0022:false},{\u0022label\u0022:\u0022Independent House\u0022,\u0022value\u0022:\u002201KXSV811PB44JTQE2DWYY17DR\u0022,\u0022isDisabled\u0022:false},{\u0022label\u0022:\u0022Villa\u0022,\u0022value\u0022:\u002201KXSV811PB44JTQE2DWYY17DS\u0022,\u0022isDisabled\u0022:false},{\u0022label\u0022:\u0022Builder Floor\u0022,\u0022value\u0022:\u002201KXSV811PB44JTQE2DWYY17DT\u0022,\u0022isDisabled\u0022:false},{\u0022label\u0022:\u0022Studio\u0022,\u0022value\u0022:\u002201KXSV811PB44JTQE2DWYY17DV\u0022,\u0022isDisabled\u0022:false}]'),
 optionsLimit: 50,
 placeholder: 'Select an option',
 position: null,
 searchDebounce: 1000,
 searchingMessage: 'Searching..',
 searchPrompt: 'Start typing to search..',
 searchableOptionFields: JSON.parse('[\u0022label\u0022]'),
 state: $wire.$entangle(&#039;data.property_type_id&#039;, false),
 statePath: 'data.property_type_id',
 })"
 wire:ignore
 wire:key="XDHAgs9j86zbJgRO6Uvf.form.property_type_id.198b0c1f825b7d54462bd9e5f2c97db9"
 x-on:keydown.esc="select.dropdown.isActive && $event.stopPropagation()"
 x-on:set-select-property="$event.detail.isDisabled ? select.disable() : select.enable()"
 class="fi-select-input"
 >
 <div x-ref="select"></div>
 </div>
 <!--[if ENDBLOCK]><![endif]-->
 </div>
 <!--[if BLOCK]><![endif]--><!--[if ENDBLOCK]><![endif]--></div>
 <!--[if ENDBLOCK]><![endif]-->
 <!--[if BLOCK]><![endif]--><!--[if ENDBLOCK]><![endif]--> </div>
 <!--[if ENDBLOCK]><![endif]--></div>
 </div>
 </div>
 <div
 wire:partial="schema-component::form.bhk_type_id"
 x-data="filamentSchemaComponent({
 path: 'data.bhk_type_id',
 containerPath: 'data',
 $wire,
 })"
 class="fi-grid-col" style="--col-span-default: span 1 / span 1;" wire:key="XDHAgs9j86zbJgRO6Uvf.form.bhk_type_id" >
 <div
 class="fi-sc-component"
 >
 <div
 data-field-wrapper
 class="fi-fo-field fi-fo-select-wrp"
>
 <!--[if BLOCK]><![endif]--><!--[if ENDBLOCK]><![endif]-->
 <!--[if BLOCK]><![endif]--> <div
 class="fi-fo-field-label-col"
 >
 <div
 class="fi-fo-field-label-ctn "
 >
 <!--[if BLOCK]><![endif]--> <label
 for="form.bhk_type_id"
 class="fi-fo-field-label"
 >
 <!--[if BLOCK]><![endif]--> <span class="fi-fo-field-label-content">
 Bhk type id<!--[if BLOCK]><![endif]--><!--[if ENDBLOCK]><![endif]--> </span>
 <!--[if ENDBLOCK]><![endif]-->
 </label>
 <!--[if ENDBLOCK]><![endif]-->
 </div>
 </div>
 <!--[if ENDBLOCK]><![endif]-->
 <!--[if BLOCK]><![endif]--> <div class="fi-fo-field-content-col">
 <!--[if BLOCK]><![endif]--> <div
 class="fi-input-wrp fi-fo-select" x-on:focus-input.stop="$el.querySelector(&#039;.fi-select-input-btn&#039;)?.focus()"
>
 <!--[if BLOCK]><![endif]--><!--[if ENDBLOCK]><![endif]-->
 <div
 class="fi-input-wrp-content-ctn"
 >
 <!--[if BLOCK]><![endif]--> <div
 class="fi-hidden"
 x-data="{
 isDisabled: false,
 init() {
 const container = $el.nextElementSibling
 container.dispatchEvent(
 new CustomEvent('set-select-property', {
 detail: { isDisabled: this.isDisabled },
 }),
 )
 },
 }"
 ></div>
 <div
 x-load
 x-load-src="http://localhost:8000/js/filament/forms/components/select.js?v=5.6.7.0"
 x-data="selectFormComponent({
 canOptionLabelsWrap: true,
 canSelectPlaceholder: true,
 getOptionLabelUsing: async () => {
 return await Livewire.fireAction(
 $wire.__instance,
 'callSchemaComponentMethod',
 ['form.bhk_type_id', 'getOptionLabel'],
 { async: true },
 )
 },
 getOptionLabelsUsing: async () => {
 return await Livewire.fireAction(
 $wire.__instance,
 'callSchemaComponentMethod',
 ['form.bhk_type_id', 'getOptionLabelsForJs'],
 { async: true },
 )
 },
 getOptionsUsing: async () => {
 return await Livewire.fireAction(
 $wire.__instance,
 'callSchemaComponentMethod',
 ['form.bhk_type_id', 'getOptionsForJs'],
 { async: true },
 )
 },
 getSearchResultsUsing: async (search) => {
 return await Livewire.fireAction(
 $wire.__instance,
 'callSchemaComponentMethod',
 ['form.bhk_type_id', 'getSearchResultsForJs', { search }],
 { async: true },
 )
 },
 hasDynamicOptions: true,
 hasDynamicSearchResults: false,
 hasInitialNoOptionsMessage: true,
 initialOptionLabel: '2 BHK',
 initialOptionLabels: [],
 initialState: '01KXSV8122BWTR68NS8RPX0M40',
 isAutofocused: false,
 isDisabled: false,
 isHtmlAllowed: false,
 isMultiple: false,
 isReorderable: false,
 isSearchable: true,
 livewireId: 'XDHAgs9j86zbJgRO6Uvf',
 loadingMessage: 'Loading..',
 maxItems: null,
 maxItemsMessage: 'Only can be selected.',
 noOptionsMessage: 'No options available.',
 noSearchResultsMessage: 'No options match your search.',
 options: JSON.parse('[{\u0022label\u0022:\u00221 BHK\u0022,\u0022value\u0022:\u002201KXSV8122BWTR68NS8RPX0M3Z\u0022,\u0022isDisabled\u0022:false},{\u0022label\u0022:\u00222 BHK\u0022,\u0022value\u0022:\u002201KXSV8122BWTR68NS8RPX0M40\u0022,\u0022isDisabled\u0022:false},{\u0022label\u0022:\u00223 BHK\u0022,\u0022value\u0022:\u002201KXSV8122BWTR68NS8RPX0M41\u0022,\u0022isDisabled\u0022:false},{\u0022label\u0022:\u00224 BHK\u0022,\u0022value\u0022:\u002201KXSV8122BWTR68NS8RPX0M42\u0022,\u0022isDisabled\u0022:false},{\u0022label\u0022:\u00225+ BHK\u0022,\u0022value\u0022:\u002201KXSV8122BWTR68NS8RPX0M43\u0022,\u0022isDisabled\u0022:false},{\u0022label\u0022:\u00221 RK\u0022,\u0022value\u0022:\u002201KXSV8122BWTR68NS8RPX0M44\u0022,\u0022isDisabled\u0022:false}]'),
 optionsLimit: 50,
 placeholder: 'Select an option',
 position: null,
 searchDebounce: 1000,
 searchingMessage: 'Searching..',
 searchPrompt: 'Start typing to search..',
 searchableOptionFields: JSON.parse('[\u0022label\u0022]'),
 state: $wire.$entangle(&#039;data.bhk_type_id&#039;, false),
 statePath: 'data.bhk_type_id',
 })"
 wire:ignore
 wire:key="XDHAgs9j86zbJgRO6Uvf.form.bhk_type_id.198b0c1f825b7d54462bd9e5f2c97db9"
 x-on:keydown.esc="select.dropdown.isActive && $event.stopPropagation()"
 x-on:set-select-property="$event.detail.isDisabled ? select.disable() : select.enable()"
 class="fi-select-input"
 >
 <div x-ref="select"></div>
 </div>
 <!--[if ENDBLOCK]><![endif]-->
 </div>
 <!--[if BLOCK]><![endif]--><!--[if ENDBLOCK]><![endif]--></div>
 <!--[if ENDBLOCK]><![endif]-->
 <!--[if BLOCK]><![endif]--><!--[if ENDBLOCK]><![endif]--> </div>
 <!--[if ENDBLOCK]><![endif]--></div>
 </div>
 </div>
 <div
 wire:partial="schema-component::form.floor_space_sqft"
 x-data="filamentSchemaComponent({
 path: 'data.floor_space_sqft',
 containerPath: 'data',
 $wire,
 })"
 class="fi-grid-col" style="--col-span-default: span 1 / span 1;" wire:key="XDHAgs9j86zbJgRO6Uvf.form.floor_space_sqft" >
 <div
 class="fi-sc-component"
 >
 <div
 data-field-wrapper
 class="fi-fo-field"
>
 <!--[if BLOCK]><![endif]--><!--[if ENDBLOCK]><![endif]-->
 <!--[if BLOCK]><![endif]--> <div
 class="fi-fo-field-label-col"
 >
 <div
 class="fi-fo-field-label-ctn "
 >
 <!--[if BLOCK]><![endif]--> <label
 for="form.floor_space_sqft"
 class="fi-fo-field-label"
 >
 <!--[if BLOCK]><![endif]--> <span class="fi-fo-field-label-content">
 Floor Space (sq. ft)<!--[if BLOCK]><![endif]--><!--[if ENDBLOCK]><![endif]--> </span>
 <!--[if ENDBLOCK]><![endif]-->
 </label>
 <!--[if ENDBLOCK]><![endif]-->
 </div>
 </div>
 <!--[if ENDBLOCK]><![endif]-->
 <!--[if BLOCK]><![endif]--> <div class="fi-fo-field-content-col">
 <!--[if BLOCK]><![endif]--> <div
 class="fi-input-wrp fi-fo-text-input" x-on:focus-input.stop="$el.querySelector('input')?.focus()"
>
 <!--[if BLOCK]><![endif]--><!--[if ENDBLOCK]><![endif]-->
 <div
 class="fi-input-wrp-content-ctn"
 >
 <input
 class="fi-input" id="form.floor_space_sqft" inputmode="decimal" step="any" type="number" wire:model="data.floor_space_sqft"
 />
 </div>
 <!--[if BLOCK]><![endif]--><!--[if ENDBLOCK]><![endif]--></div>
 <!--[if BLOCK]><![endif]--><!--[if ENDBLOCK]><![endif]-->
 <!--[if ENDBLOCK]><![endif]-->
 <!--[if BLOCK]><![endif]--><!--[if ENDBLOCK]><![endif]--> </div>
 <!--[if ENDBLOCK]><![endif]--></div>
 </div>
 </div>
 <div
 wire:partial="schema-component::form.flooring_type_id"
 x-data="filamentSchemaComponent({
 path: 'data.flooring_type_id',
 containerPath: 'data',
 $wire,
 })"
 class="fi-grid-col" style="--col-span-default: span 1 / span 1;" wire:key="XDHAgs9j86zbJgRO6Uvf.form.flooring_type_id" >
 <div
 class="fi-sc-component"
 >
 <div
 data-field-wrapper
 class="fi-fo-field fi-fo-select-wrp"
>
 <!--[if BLOCK]><![endif]--><!--[if ENDBLOCK]><![endif]-->
 <!--[if BLOCK]><![endif]--> <div
 class="fi-fo-field-label-col"
 >
 <div
 class="fi-fo-field-label-ctn "
 >
 <!--[if BLOCK]><![endif]--> <label
 for="form.flooring_type_id"
 class="fi-fo-field-label"
 >
 <!--[if BLOCK]><![endif]--> <span class="fi-fo-field-label-content">
 Flooring<!--[if BLOCK]><![endif]--><!--[if ENDBLOCK]><![endif]--> </span>
 <!--[if ENDBLOCK]><![endif]-->
 </label>
 <!--[if ENDBLOCK]><![endif]-->
 </div>
 </div>
 <!--[if ENDBLOCK]><![endif]-->
 <!--[if BLOCK]><![endif]--> <div class="fi-fo-field-content-col">
 <!--[if BLOCK]><![endif]--> <div
 class="fi-input-wrp fi-fo-select" x-on:focus-input.stop="$el.querySelector(&#039;.fi-select-input-btn&#039;)?.focus()"
>
 <!--[if BLOCK]><![endif]--><!--[if ENDBLOCK]><![endif]-->
 <div
 class="fi-input-wrp-content-ctn"
 >
 <!--[if BLOCK]><![endif]--> <div
 class="fi-hidden"
 x-data="{
 isDisabled: false,
 init() {
 const container = $el.nextElementSibling
 container.dispatchEvent(
 new CustomEvent('set-select-property', {
 detail: { isDisabled: this.isDisabled },
 }),
 )
 },
 }"
 ></div>
 <div
 x-load
 x-load-src="http://localhost:8000/js/filament/forms/components/select.js?v=5.6.7.0"
 x-data="selectFormComponent({
 canOptionLabelsWrap: true,
 canSelectPlaceholder: true,
 getOptionLabelUsing: async () => {
 return await Livewire.fireAction(
 $wire.__instance,
 'callSchemaComponentMethod',
 ['form.flooring_type_id', 'getOptionLabel'],
 { async: true },
 )
 },
 getOptionLabelsUsing: async () => {
 return await Livewire.fireAction(
 $wire.__instance,
 'callSchemaComponentMethod',
 ['form.flooring_type_id', 'getOptionLabelsForJs'],
 { async: true },
 )
 },
 getOptionsUsing: async () => {
 return await Livewire.fireAction(
 $wire.__instance,
 'callSchemaComponentMethod',
 ['form.flooring_type_id', 'getOptionsForJs'],
 { async: true },
 )
 },
 getSearchResultsUsing: async (search) => {
 return await Livewire.fireAction(
 $wire.__instance,
 'callSchemaComponentMethod',
 ['form.flooring_type_id', 'getSearchResultsForJs', { search }],
 { async: true },
 )
 },
 hasDynamicOptions: true,
 hasDynamicSearchResults: false,
 hasInitialNoOptionsMessage: true,
 initialOptionLabel: null,
 initialOptionLabels: [],
 initialState: null,
 isAutofocused: false,
 isDisabled: false,
 isHtmlAllowed: false,
 isMultiple: false,
 isReorderable: false,
 isSearchable: true,
 livewireId: 'XDHAgs9j86zbJgRO6Uvf',
 loadingMessage: 'Loading..',
 maxItems: null,
 maxItemsMessage: 'Only can be selected.',
 noOptionsMessage: 'No options available.',
 noSearchResultsMessage: 'No options match your search.',
 options: JSON.parse('[{\u0022label\u0022:\u0022Vitrified\u0022,\u0022value\u0022:\u002201KXSV812J2MSRYACHEC62NCXZ\u0022,\u0022isDisabled\u0022:false},{\u0022label\u0022:\u0022Marble\u0022,\u0022value\u0022:\u002201KXSV812K5RE1G4ZB55R4H6XX\u0022,\u0022isDisabled\u0022:false},{\u0022label\u0022:\u0022Granite\u0022,\u0022value\u0022:\u002201KXSV812K5RE1G4ZB55R4H6XY\u0022,\u0022isDisabled\u0022:false},{\u0022label\u0022:\u0022Wooden\u0022,\u0022value\u0022:\u002201KXSV812K5RE1G4ZB55R4H6XZ\u0022,\u0022isDisabled\u0022:false},{\u0022label\u0022:\u0022Ceramic\u0022,\u0022value\u0022:\u002201KXSV812K5RE1G4ZB55R4H6Y0\u0022,\u0022isDisabled\u0022:false}]'),
 optionsLimit: 50,
 placeholder: 'Select an option',
 position: null,
 searchDebounce: 1000,
 searchingMessage: 'Searching..',
 searchPrompt: 'Start typing to search..',
 searchableOptionFields: JSON.parse('[\u0022label\u0022]'),
 state: $wire.$entangle(&#039;data.flooring_type_id&#039;, false),
 statePath: 'data.flooring_type_id',
 })"
 wire:ignore
 wire:key="XDHAgs9j86zbJgRO6Uvf.form.flooring_type_id.198b0c1f825b7d54462bd9e5f2c97db9"
 x-on:keydown.esc="select.dropdown.isActive && $event.stopPropagation()"
 x-on:set-select-property="$event.detail.isDisabled ? select.disable() : select.enable()"
 class="fi-select-input"
 >
 <div x-ref="select"></div>
 </div>
 <!--[if ENDBLOCK]><![endif]-->
 </div>
 <!--[if BLOCK]><![endif]--><!--[if ENDBLOCK]><![endif]--></div>
 <!--[if ENDBLOCK]><![endif]-->
 <!--[if BLOCK]><![endif]--><!--[if ENDBLOCK]><![endif]--> </div>
 <!--[if ENDBLOCK]><![endif]--></div>
 </div>
 </div>
 <div
 wire:partial="schema-component::form.floor"
 x-data="filamentSchemaComponent({
 path: 'data.floor',
 containerPath: 'data',
 $wire,
 })"
 class="fi-grid-col" style="--col-span-default: span 1 / span 1;" wire:key="XDHAgs9j86zbJgRO6Uvf.form.floor" >
 <div
 class="fi-sc-component"
 >
 <div
 data-field-wrapper
 class="fi-fo-field"
>
 <!--[if BLOCK]><![endif]--><!--[if ENDBLOCK]><![endif]-->
 <!--[if BLOCK]><![endif]--> <div
 class="fi-fo-field-label-col"
 >
 <div
 class="fi-fo-field-label-ctn "
 >
 <!--[if BLOCK]><![endif]--> <label
 for="form.floor"
 class="fi-fo-field-label"
 >
 <!--[if BLOCK]><![endif]--> <span class="fi-fo-field-label-content">
 Floor<!--[if BLOCK]><![endif]--><!--[if ENDBLOCK]><![endif]--> </span>
 <!--[if ENDBLOCK]><![endif]-->
 </label>
 <!--[if ENDBLOCK]><![endif]-->
 </div>
 </div>
 <!--[if ENDBLOCK]><![endif]-->
 <!--[if BLOCK]><![endif]--> <div class="fi-fo-field-content-col">
 <!--[if BLOCK]><![endif]--> <div
 class="fi-input-wrp fi-fo-text-input" x-on:focus-input.stop="$el.querySelector('input')?.focus()"
>
 <!--[if BLOCK]><![endif]--><!--[if ENDBLOCK]><![endif]-->
 <div
 class="fi-input-wrp-content-ctn"
 >
 <input
 class="fi-input" id="form.floor" inputmode="decimal" step="any" type="number" wire:model="data.floor"
 />
 </div>
 <!--[if BLOCK]><![endif]--><!--[if ENDBLOCK]><![endif]--></div>
 <!--[if BLOCK]><![endif]--><!--[if ENDBLOCK]><![endif]-->
 <!--[if ENDBLOCK]><![endif]-->
 <!--[if BLOCK]><![endif]--><!--[if ENDBLOCK]><![endif]--> </div>
 <!--[if ENDBLOCK]><![endif]--></div>
 </div>
 </div>
 <div
 wire:partial="schema-component::form.total_floors"
 x-data="filamentSchemaComponent({
 path: 'data.total_floors',
 containerPath: 'data',
 $wire,
 })"
 class="fi-grid-col" style="--col-span-default: span 1 / span 1;" wire:key="XDHAgs9j86zbJgRO6Uvf.form.total_floors" >
 <div
 class="fi-sc-component"
 >
 <div
 data-field-wrapper
 class="fi-fo-field"
>
 <!--[if BLOCK]><![endif]--><!--[if ENDBLOCK]><![endif]-->
 <!--[if BLOCK]><![endif]--> <div
 class="fi-fo-field-label-col"
 >
 <div
 class="fi-fo-field-label-ctn "
 >
 <!--[if BLOCK]><![endif]--> <label
 for="form.total_floors"
 class="fi-fo-field-label"
 >
 <!--[if BLOCK]><![endif]--> <span class="fi-fo-field-label-content">
 Total Floors<!--[if BLOCK]><![endif]--><!--[if ENDBLOCK]><![endif]--> </span>
 <!--[if ENDBLOCK]><![endif]-->
 </label>
 <!--[if ENDBLOCK]><![endif]-->
 </div>
 </div>
 <!--[if ENDBLOCK]><![endif]-->
 <!--[if BLOCK]><![endif]--> <div class="fi-fo-field-content-col">
 <!--[if BLOCK]><![endif]--> <div
 class="fi-input-wrp fi-fo-text-input" x-on:focus-input.stop="$el.querySelector('input')?.focus()"
>
 <!--[if BLOCK]><![endif]--><!--[if ENDBLOCK]><![endif]-->
 <div
 class="fi-input-wrp-content-ctn"
 >
 <input
 class="fi-input" id="form.total_floors" inputmode="decimal" step="any" type="number" wire:model="data.total_floors"
 />
 </div>
 <!--[if BLOCK]><![endif]--><!--[if ENDBLOCK]><![endif]--></div>
 <!--[if BLOCK]><![endif]--><!--[if ENDBLOCK]><![endif]-->
 <!--[if ENDBLOCK]><![endif]-->
 <!--[if BLOCK]><![endif]--><!--[if ENDBLOCK]><![endif]--> </div>
 <!--[if ENDBLOCK]><![endif]--></div>
 </div>
 </div>
 <div
 wire:partial="schema-component::form.furnishing_type_id"
 x-data="filamentSchemaComponent({
 path: 'data.furnishing_type_id',
 containerPath: 'data',
 $wire,
 })"
 class="fi-grid-col" style="--col-span-default: span 1 / span 1;" wire:key="XDHAgs9j86zbJgRO6Uvf.form.furnishing_type_id" >
 <div
 class="fi-sc-component"
 >
 <div
 data-field-wrapper
 class="fi-fo-field fi-fo-select-wrp"
>
 <!--[if BLOCK]><![endif]--><!--[if ENDBLOCK]><![endif]-->
 <!--[if BLOCK]><![endif]--> <div
 class="fi-fo-field-label-col"
 >
 <div
 class="fi-fo-field-label-ctn "
 >
 <!--[if BLOCK]><![endif]--> <label
 for="form.furnishing_type_id"
 class="fi-fo-field-label"
 >
 <!--[if BLOCK]><![endif]--> <span class="fi-fo-field-label-content">
 Furnishing<!--[if BLOCK]><![endif]--><!--[if ENDBLOCK]><![endif]--> </span>
 <!--[if ENDBLOCK]><![endif]-->
 </label>
 <!--[if ENDBLOCK]><![endif]-->
 </div>
 </div>
 <!--[if ENDBLOCK]><![endif]-->
 <!--[if BLOCK]><![endif]--> <div class="fi-fo-field-content-col">
 <!--[if BLOCK]><![endif]--> <div
 class="fi-input-wrp fi-fo-select" x-on:focus-input.stop="$el.querySelector(&#039;.fi-select-input-btn&#039;)?.focus()"
>
 <!--[if BLOCK]><![endif]--><!--[if ENDBLOCK]><![endif]-->
 <div
 class="fi-input-wrp-content-ctn"
 >
 <!--[if BLOCK]><![endif]--> <div
 class="fi-hidden"
 x-data="{
 isDisabled: false,
 init() {
 const container = $el.nextElementSibling
 container.dispatchEvent(
 new CustomEvent('set-select-property', {
 detail: { isDisabled: this.isDisabled },
 }),
 )
 },
 }"
 ></div>
 <div
 x-load
 x-load-src="http://localhost:8000/js/filament/forms/components/select.js?v=5.6.7.0"
 x-data="selectFormComponent({
 canOptionLabelsWrap: true,
 canSelectPlaceholder: true,
 getOptionLabelUsing: async () => {
 return await Livewire.fireAction(
 $wire.__instance,
 'callSchemaComponentMethod',
 ['form.furnishing_type_id', 'getOptionLabel'],
 { async: true },
 )
 },
 getOptionLabelsUsing: async () => {
 return await Livewire.fireAction(
 $wire.__instance,
 'callSchemaComponentMethod',
 ['form.furnishing_type_id', 'getOptionLabelsForJs'],
 { async: true },
 )
 },
 getOptionsUsing: async () => {
 return await Livewire.fireAction(
 $wire.__instance,
 'callSchemaComponentMethod',
 ['form.furnishing_type_id', 'getOptionsForJs'],
 { async: true },
 )
 },
 getSearchResultsUsing: async (search) => {
 return await Livewire.fireAction(
 $wire.__instance,
 'callSchemaComponentMethod',
 ['form.furnishing_type_id', 'getSearchResultsForJs', { search }],
 { async: true },
 )
 },
 hasDynamicOptions: true,
 hasDynamicSearchResults: false,
 hasInitialNoOptionsMessage: true,
 initialOptionLabel: null,
 initialOptionLabels: [],
 initialState: null,
 isAutofocused: false,
 isDisabled: false,
 isHtmlAllowed: false,
 isMultiple: false,
 isReorderable: false,
 isSearchable: true,
 livewireId: 'XDHAgs9j86zbJgRO6Uvf',
 loadingMessage: 'Loading..',
 maxItems: null,
 maxItemsMessage: 'Only can be selected.',
 noOptionsMessage: 'No options available.',
 noSearchResultsMessage: 'No options match your search.',
 options: JSON.parse('[{\u0022label\u0022:\u0022Unfurnished\u0022,\u0022value\u0022:\u002201KXSV812AQV39FPTVZ4QBWFNS\u0022,\u0022isDisabled\u0022:false},{\u0022label\u0022:\u0022Semi-Furnished\u0022,\u0022value\u0022:\u002201KXSV812AQV39FPTVZ4QBWFNT\u0022,\u0022isDisabled\u0022:false},{\u0022label\u0022:\u0022Fully Furnished\u0022,\u0022value\u0022:\u002201KXSV812AQV39FPTVZ4QBWFNV\u0022,\u0022isDisabled\u0022:false}]'),
 optionsLimit: 50,
 placeholder: 'Select an option',
 position: null,
 searchDebounce: 1000,
 searchingMessage: 'Searching..',
 searchPrompt: 'Start typing to search..',
 searchableOptionFields: JSON.parse('[\u0022label\u0022]'),
 state: $wire.$entangle(&#039;data.furnishing_type_id&#039;, false),
 statePath: 'data.furnishing_type_id',
 })"
 wire:ignore
 wire:key="XDHAgs9j86zbJgRO6Uvf.form.furnishing_type_id.198b0c1f825b7d54462bd9e5f2c97db9"
 x-on:keydown.esc="select.dropdown.isActive && $event.stopPropagation()"
 x-on:set-select-property="$event.detail.isDisabled ? select.disable() : select.enable()"
 class="fi-select-input"
 >
 <div x-ref="select"></div>
 </div>
 <!--[if ENDBLOCK]><![endif]-->
 </div>
 <!--[if BLOCK]><![endif]--><!--[if ENDBLOCK]><![endif]--></div>
 <!--[if ENDBLOCK]><![endif]-->
 <!--[if BLOCK]><![endif]--><!--[if ENDBLOCK]><![endif]--> </div>
 <!--[if ENDBLOCK]><![endif]--></div>
 </div>
 </div>
 </div>
 <!--[if ENDBLOCK]><![endif]-->
 <!--[if BLOCK]><![endif]--><!--[if ENDBLOCK]><![endif]--> </div>
 <!--[if ENDBLOCK]><![endif]--></section>
 <!--[if BLOCK]><![endif]--><!--[if ENDBLOCK]><![endif]--></div>
 </div>
 </div>
 <div
 wire:partial="schema-component::form.location-address::data::section"
 x-data="filamentSchemaComponent({
 path: 'data',
 containerPath: 'data',
 $wire,
 })"
 class="fi-grid-col" style="--col-span-default: span 1 / span 1;" wire:key="XDHAgs9j86zbJgRO6Uvf.form.location-address::data::section" >
 <div
 class="fi-sc-component"
 >
 <div
 class="fi-sc-section" id="form.location-address::data::section"
>
 <!--[if BLOCK]><![endif]--><!--[if ENDBLOCK]><![endif]-->
 <!--[if BLOCK]><![endif]--><!--[if ENDBLOCK]><![endif]-->
 <section
 x-data="{
 isCollapsed: false ,
 }"
 class="fi-section fi-section-has-header"
>
 <!--[if BLOCK]><![endif]--> <header
 class="fi-section-header"
 >
 <!--[if BLOCK]><![endif]--> <div class="fi-section-header-text-ctn">
 <!--[if BLOCK]><![endif]--> <h2 class="fi-section-header-heading">
 Location &amp; Address
 </h2>
 <!--[if ENDBLOCK]><![endif]-->
 <!--[if BLOCK]><![endif]--><!--[if ENDBLOCK]><![endif]--> </div>
 <!--[if ENDBLOCK]><![endif]-->
 <!--[if BLOCK]><![endif]--><!--[if ENDBLOCK]><![endif]-->
 <!--[if BLOCK]><![endif]--><!--[if ENDBLOCK]><![endif]--> </header>
 <!--[if ENDBLOCK]><![endif]-->
 <!--[if BLOCK]><![endif]--> <div
 class="fi-section-content-ctn"
 >
 <!--[if BLOCK]><![endif]--> <div class="fi-sc fi-sc-has-gap fi-grid lg:fi-grid-cols fi-section-content" style="--cols-lg: repeat(2, minmax(0, 1fr)); --cols-default: repeat(1, minmax(0, 1fr));">
 <div
 wire:partial="schema-component::form.address_line_1"
 x-data="filamentSchemaComponent({
 path: 'data.address_line_1',
 containerPath: 'data',
 $wire,
 })"
 class="fi-grid-col" style="--col-span-default: span 1 / span 1;" wire:key="XDHAgs9j86zbJgRO6Uvf.form.address_line_1" >
 <div
 class="fi-sc-component"
 >
 <div
 data-field-wrapper
 class="fi-fo-field"
>
 <!--[if BLOCK]><![endif]--><!--[if ENDBLOCK]><![endif]-->
 <!--[if BLOCK]><![endif]--> <div
 class="fi-fo-field-label-col"
 >
 <div
 class="fi-fo-field-label-ctn "
 >
 <!--[if BLOCK]><![endif]--> <label
 for="form.address_line_1"
 class="fi-fo-field-label"
 >
 <!--[if BLOCK]><![endif]--> <span class="fi-fo-field-label-content">
 Address line 1<!--[if BLOCK]><![endif]--><!--[if ENDBLOCK]><![endif]--> </span>
 <!--[if ENDBLOCK]><![endif]-->
 </label>
 <!--[if ENDBLOCK]><![endif]-->
 </div>
 </div>
 <!--[if ENDBLOCK]><![endif]-->
 <!--[if BLOCK]><![endif]--> <div class="fi-fo-field-content-col">
 <!--[if BLOCK]><![endif]--> <div
 class="fi-input-wrp fi-fo-text-input" x-on:focus-input.stop="$el.querySelector('input')?.focus()"
>
 <!--[if BLOCK]><![endif]--><!--[if ENDBLOCK]><![endif]-->
 <div
 class="fi-input-wrp-content-ctn"
 >
 <input
 class="fi-input" id="form.address_line_1" maxlength="255" type="text" wire:model="data.address_line_1"
 />
 </div>
 <!--[if BLOCK]><![endif]--><!--[if ENDBLOCK]><![endif]--></div>
 <!--[if BLOCK]><![endif]--><!--[if ENDBLOCK]><![endif]-->
 <!--[if ENDBLOCK]><![endif]-->
 <!--[if BLOCK]><![endif]--><!--[if ENDBLOCK]><![endif]--> </div>
 <!--[if ENDBLOCK]><![endif]--></div>
 </div>
 </div>
 <div
 wire:partial="schema-component::form.address_line_2"
 x-data="filamentSchemaComponent({
 path: 'data.address_line_2',
 containerPath: 'data',
 $wire,
 })"
 class="fi-grid-col" style="--col-span-default: span 1 / span 1;" wire:key="XDHAgs9j86zbJgRO6Uvf.form.address_line_2" >
 <div
 class="fi-sc-component"
 >
 <div
 data-field-wrapper
 class="fi-fo-field"
>
 <!--[if BLOCK]><![endif]--><!--[if ENDBLOCK]><![endif]-->
 <!--[if BLOCK]><![endif]--> <div
 class="fi-fo-field-label-col"
 >
 <div
 class="fi-fo-field-label-ctn "
 >
 <!--[if BLOCK]><![endif]--> <label
 for="form.address_line_2"
 class="fi-fo-field-label"
 >
 <!--[if BLOCK]><![endif]--> <span class="fi-fo-field-label-content">
 Address line 2<!--[if BLOCK]><![endif]--><!--[if ENDBLOCK]><![endif]--> </span>
 <!--[if ENDBLOCK]><![endif]-->
 </label>
 <!--[if ENDBLOCK]><![endif]-->
 </div>
 </div>
 <!--[if ENDBLOCK]><![endif]-->
 <!--[if BLOCK]><![endif]--> <div class="fi-fo-field-content-col">
 <!--[if BLOCK]><![endif]--> <div
 class="fi-input-wrp fi-fo-text-input" x-on:focus-input.stop="$el.querySelector('input')?.focus()"
>
 <!--[if BLOCK]><![endif]--><!--[if ENDBLOCK]><![endif]-->
 <div
 class="fi-input-wrp-content-ctn"
 >
 <input
 class="fi-input" id="form.address_line_2" maxlength="255" type="text" wire:model="data.address_line_2"
 />
 </div>
 <!--[if BLOCK]><![endif]--><!--[if ENDBLOCK]><![endif]--></div>
 <!--[if BLOCK]><![endif]--><!--[if ENDBLOCK]><![endif]-->
 <!--[if ENDBLOCK]><![endif]-->
 <!--[if BLOCK]><![endif]--><!--[if ENDBLOCK]><![endif]--> </div>
 <!--[if ENDBLOCK]><![endif]--></div>
 </div>
 </div>
 <div
 wire:partial="schema-component::form.landmark"
 x-data="filamentSchemaComponent({
 path: 'data.landmark',
 containerPath: 'data',
 $wire,
 })"
 class="fi-grid-col" style="--col-span-default: span 1 / span 1;" wire:key="XDHAgs9j86zbJgRO6Uvf.form.landmark" >
 <div
 class="fi-sc-component"
 >
 <div
 data-field-wrapper
 class="fi-fo-field"
>
 <!--[if BLOCK]><![endif]--><!--[if ENDBLOCK]><![endif]-->
 <!--[if BLOCK]><![endif]--> <div
 class="fi-fo-field-label-col"
 >
 <div
 class="fi-fo-field-label-ctn "
 >
 <!--[if BLOCK]><![endif]--> <label
 for="form.landmark"
 class="fi-fo-field-label"
 >
 <!--[if BLOCK]><![endif]--> <span class="fi-fo-field-label-content">
 Landmark<!--[if BLOCK]><![endif]--><!--[if ENDBLOCK]><![endif]--> </span>
 <!--[if ENDBLOCK]><![endif]-->
 </label>
 <!--[if ENDBLOCK]><![endif]-->
 </div>
 </div>
 <!--[if ENDBLOCK]><![endif]-->
 <!--[if BLOCK]><![endif]--> <div class="fi-fo-field-content-col">
 <!--[if BLOCK]><![endif]--> <div
 class="fi-input-wrp fi-fo-text-input" x-on:focus-input.stop="$el.querySelector('input')?.focus()"
>
 <!--[if BLOCK]><![endif]--><!--[if ENDBLOCK]><![endif]-->
 <div
 class="fi-input-wrp-content-ctn"
 >
 <input
 class="fi-input" id="form.landmark" maxlength="255" type="text" wire:model="data.landmark"
 />
 </div>
 <!--[if BLOCK]><![endif]--><!--[if ENDBLOCK]><![endif]--></div>
 <!--[if BLOCK]><![endif]--><!--[if ENDBLOCK]><![endif]-->
 <!--[if ENDBLOCK]><![endif]-->
 <!--[if BLOCK]><![endif]--><!--[if ENDBLOCK]><![endif]--> </div>
 <!--[if ENDBLOCK]><![endif]--></div>
 </div>
 </div>
 <div
 wire:partial="schema-component::form.latitude"
 x-data="filamentSchemaComponent({
 path: 'data.latitude',
 containerPath: 'data',
 $wire,
 })"
 class="fi-grid-col" style="--col-span-default: span 1 / span 1;" wire:key="XDHAgs9j86zbJgRO6Uvf.form.latitude" >
 <div
 class="fi-sc-component"
 >
 <div
 data-field-wrapper
 class="fi-fo-field"
>
 <!--[if BLOCK]><![endif]--><!--[if ENDBLOCK]><![endif]-->
 <!--[if BLOCK]><![endif]--> <div
 class="fi-fo-field-label-col"
 >
 <div
 class="fi-fo-field-label-ctn "
 >
 <!--[if BLOCK]><![endif]--> <label
 for="form.latitude"
 class="fi-fo-field-label"
 >
 <!--[if BLOCK]><![endif]--> <span class="fi-fo-field-label-content">
 Latitude<!--[if BLOCK]><![endif]--><!--[if ENDBLOCK]><![endif]--> </span>
 <!--[if ENDBLOCK]><![endif]-->
 </label>
 <!--[if ENDBLOCK]><![endif]-->
 </div>
 </div>
 <!--[if ENDBLOCK]><![endif]-->
 <!--[if BLOCK]><![endif]--> <div class="fi-fo-field-content-col">
 <!--[if BLOCK]><![endif]--> <div
 class="fi-input-wrp fi-fo-text-input" x-on:focus-input.stop="$el.querySelector('input')?.focus()"
>
 <!--[if BLOCK]><![endif]--><!--[if ENDBLOCK]><![endif]-->
 <div
 class="fi-input-wrp-content-ctn"
 >
 <input
 class="fi-input" id="form.latitude" inputmode="decimal" step="any" type="number" wire:model="data.latitude"
 />
 </div>
 <!--[if BLOCK]><![endif]--><!--[if ENDBLOCK]><![endif]--></div>
 <!--[if BLOCK]><![endif]--><!--[if ENDBLOCK]><![endif]-->
 <!--[if ENDBLOCK]><![endif]-->
 <!--[if BLOCK]><![endif]--><!--[if ENDBLOCK]><![endif]--> </div>
 <!--[if ENDBLOCK]><![endif]--></div>
 </div>
 </div>
 <div
 wire:partial="schema-component::form.longitude"
 x-data="filamentSchemaComponent({
 path: 'data.longitude',
 containerPath: 'data',
 $wire,
 })"
 class="fi-grid-col" style="--col-span-default: span 1 / span 1;" wire:key="XDHAgs9j86zbJgRO6Uvf.form.longitude" >
 <div
 class="fi-sc-component"
 >
 <div
 data-field-wrapper
 class="fi-fo-field"
>
 <!--[if BLOCK]><![endif]--><!--[if ENDBLOCK]><![endif]-->
 <!--[if BLOCK]><![endif]--> <div
 class="fi-fo-field-label-col"
 >
 <div
 class="fi-fo-field-label-ctn "
 >
 <!--[if BLOCK]><![endif]--> <label
 for="form.longitude"
 class="fi-fo-field-label"
 >
 <!--[if BLOCK]><![endif]--> <span class="fi-fo-field-label-content">
 Longitude<!--[if BLOCK]><![endif]--><!--[if ENDBLOCK]><![endif]--> </span>
 <!--[if ENDBLOCK]><![endif]-->
 </label>
 <!--[if ENDBLOCK]><![endif]-->
 </div>
 </div>
 <!--[if ENDBLOCK]><![endif]-->
 <!--[if BLOCK]><![endif]--> <div class="fi-fo-field-content-col">
 <!--[if BLOCK]><![endif]--> <div
 class="fi-input-wrp fi-fo-text-input" x-on:focus-input.stop="$el.querySelector('input')?.focus()"
>
 <!--[if BLOCK]><![endif]--><!--[if ENDBLOCK]><![endif]-->
 <div
 class="fi-input-wrp-content-ctn"
 >
 <input
 class="fi-input" id="form.longitude" inputmode="decimal" step="any" type="number" wire:model="data.longitude"
 />
 </div>
 <!--[if BLOCK]><![endif]--><!--[if ENDBLOCK]><![endif]--></div>
 <!--[if BLOCK]><![endif]--><!--[if ENDBLOCK]><![endif]-->
 <!--[if ENDBLOCK]><![endif]-->
 <!--[if BLOCK]><![endif]--><!--[if ENDBLOCK]><![endif]--> </div>
 <!--[if ENDBLOCK]><![endif]--></div>
 </div>
 </div>
 <div
 wire:partial="schema-component::form.state_id"
 x-data="filamentSchemaComponent({
 path: 'data.state_id',
 containerPath: 'data',
 $wire,
 })"
 class="fi-grid-col" style="--col-span-default: span 1 / span 1;" wire:key="XDHAgs9j86zbJgRO6Uvf.form.state_id" >
 <div
 class="fi-sc-component"
 >
 <div
 data-field-wrapper
 class="fi-fo-field fi-fo-select-wrp"
>
 <!--[if BLOCK]><![endif]--><!--[if ENDBLOCK]><![endif]-->
 <!--[if BLOCK]><![endif]--> <div
 class="fi-fo-field-label-col"
 >
 <div
 class="fi-fo-field-label-ctn "
 >
 <!--[if BLOCK]><![endif]--> <label
 for="form.state_id"
 class="fi-fo-field-label"
 >
 <!--[if BLOCK]><![endif]--> <span class="fi-fo-field-label-content">
 State<!--[if BLOCK]><![endif]--><!--[if ENDBLOCK]><![endif]--> </span>
 <!--[if ENDBLOCK]><![endif]-->
 </label>
 <!--[if ENDBLOCK]><![endif]-->
 </div>
 </div>
 <!--[if ENDBLOCK]><![endif]-->
 <!--[if BLOCK]><![endif]--> <div class="fi-fo-field-content-col">
 <!--[if BLOCK]><![endif]--> <div
 class="fi-input-wrp fi-fo-select" x-on:focus-input.stop="$el.querySelector(&#039;.fi-select-input-btn&#039;)?.focus()"
>
 <!--[if BLOCK]><![endif]--><!--[if ENDBLOCK]><![endif]-->
 <div
 class="fi-input-wrp-content-ctn"
 >
 <!--[if BLOCK]><![endif]--> <div
 class="fi-hidden"
 x-data="{
 isDisabled: false,
 init() {
 const container = $el.nextElementSibling
 container.dispatchEvent(
 new CustomEvent('set-select-property', {
 detail: { isDisabled: this.isDisabled },
 }),
 )
 },
 }"
 ></div>
 <div
 x-load
 x-load-src="http://localhost:8000/js/filament/forms/components/select.js?v=5.6.7.0"
 x-data="selectFormComponent({
 canOptionLabelsWrap: true,
 canSelectPlaceholder: true,
 getOptionLabelUsing: async () => {
 return await Livewire.fireAction(
 $wire.__instance,
 'callSchemaComponentMethod',
 ['form.state_id', 'getOptionLabel'],
 { async: true },
 )
 },
 getOptionLabelsUsing: async () => {
 return await Livewire.fireAction(
 $wire.__instance,
 'callSchemaComponentMethod',
 ['form.state_id', 'getOptionLabelsForJs'],
 { async: true },
 )
 },
 getOptionsUsing: async () => {
 return await Livewire.fireAction(
 $wire.__instance,
 'callSchemaComponentMethod',
 ['form.state_id', 'getOptionsForJs'],
 { async: true },
 )
 },
 getSearchResultsUsing: async (search) => {
 return await Livewire.fireAction(
 $wire.__instance,
 'callSchemaComponentMethod',
 ['form.state_id', 'getSearchResultsForJs', { search }],
 { async: true },
 )
 },
 hasDynamicOptions: true,
 hasDynamicSearchResults: false,
 hasInitialNoOptionsMessage: true,
 initialOptionLabel: null,
 initialOptionLabels: [],
 initialState: null,
 isAutofocused: false,
 isDisabled: false,
 isHtmlAllowed: false,
 isMultiple: false,
 isReorderable: false,
 isSearchable: true,
 livewireId: 'XDHAgs9j86zbJgRO6Uvf',
 loadingMessage: 'Loading..',
 maxItems: null,
 maxItemsMessage: 'Only can be selected.',
 noOptionsMessage: 'No options available.',
 noSearchResultsMessage: 'No options match your search.',
 options: JSON.parse('[{\u0022label\u0022:\u0022Jammu \\u0026 Kashmir\u0022,\u0022value\u0022:\u00221\u0022,\u0022isDisabled\u0022:false},{\u0022label\u0022:\u0022Himachal Pradesh\u0022,\u0022value\u0022:\u00222\u0022,\u0022isDisabled\u0022:false},{\u0022label\u0022:\u0022Punjab\u0022,\u0022value\u0022:\u00223\u0022,\u0022isDisabled\u0022:false},{\u0022label\u0022:\u0022Chandigarh\u0022,\u0022value\u0022:\u00224\u0022,\u0022isDisabled\u0022:false},{\u0022label\u0022:\u0022Uttarakhand\u0022,\u0022value\u0022:\u00225\u0022,\u0022isDisabled\u0022:false},{\u0022label\u0022:\u0022Haryana\u0022,\u0022value\u0022:\u00226\u0022,\u0022isDisabled\u0022:false},{\u0022label\u0022:\u0022Delhi\u0022,\u0022value\u0022:\u00227\u0022,\u0022isDisabled\u0022:false},{\u0022label\u0022:\u0022Rajasthan\u0022,\u0022value\u0022:\u00228\u0022,\u0022isDisabled\u0022:false},{\u0022label\u0022:\u0022Uttar Pradesh\u0022,\u0022value\u0022:\u00229\u0022,\u0022isDisabled\u0022:false},{\u0022label\u0022:\u0022Bihar\u0022,\u0022value\u0022:\u002210\u0022,\u0022isDisabled\u0022:false},{\u0022label\u0022:\u0022Sikkim\u0022,\u0022value\u0022:\u002211\u0022,\u0022isDisabled\u0022:false},{\u0022label\u0022:\u0022Arunachal Pradesh\u0022,\u0022value\u0022:\u002212\u0022,\u0022isDisabled\u0022:false},{\u0022label\u0022:\u0022Nagaland\u0022,\u0022value\u0022:\u002213\u0022,\u0022isDisabled\u0022:false},{\u0022label\u0022:\u0022Manipur\u0022,\u0022value\u0022:\u002214\u0022,\u0022isDisabled\u0022:false},{\u0022label\u0022:\u0022Mizoram\u0022,\u0022value\u0022:\u002215\u0022,\u0022isDisabled\u0022:false},{\u0022label\u0022:\u0022Tripura\u0022,\u0022value\u0022:\u002216\u0022,\u0022isDisabled\u0022:false},{\u0022label\u0022:\u0022Meghalaya\u0022,\u0022value\u0022:\u002217\u0022,\u0022isDisabled\u0022:false},{\u0022label\u0022:\u0022Assam\u0022,\u0022value\u0022:\u002218\u0022,\u0022isDisabled\u0022:false},{\u0022label\u0022:\u0022West Bengal\u0022,\u0022value\u0022:\u002219\u0022,\u0022isDisabled\u0022:false},{\u0022label\u0022:\u0022Jharkhand\u0022,\u0022value\u0022:\u002220\u0022,\u0022isDisabled\u0022:false},{\u0022label\u0022:\u0022Odisha\u0022,\u0022value\u0022:\u002221\u0022,\u0022isDisabled\u0022:false},{\u0022label\u0022:\u0022Chhattisgarh\u0022,\u0022value\u0022:\u002222\u0022,\u0022isDisabled\u0022:false},{\u0022label\u0022:\u0022Madhya Pradesh\u0022,\u0022value\u0022:\u002223\u0022,\u0022isDisabled\u0022:false},{\u0022label\u0022:\u0022Gujarat\u0022,\u0022value\u0022:\u002224\u0022,\u0022isDisabled\u0022:false},{\u0022label\u0022:\u0022Dadra \\u0026 Nagar Haveli and Daman \\u0026 Diu\u0022,\u0022value\u0022:\u002225\u0022,\u0022isDisabled\u0022:false},{\u0022label\u0022:\u0022Dadra \\u0026 Nagar Haveli and Daman \\u0026 Diu (legacy)\u0022,\u0022value\u0022:\u002226\u0022,\u0022isDisabled\u0022:false},{\u0022label\u0022:\u0022Maharashtra\u0022,\u0022value\u0022:\u002227\u0022,\u0022isDisabled\u0022:false},{\u0022label\u0022:\u0022Andhra Pradesh\u0022,\u0022value\u0022:\u002228\u0022,\u0022isDisabled\u0022:false},{\u0022label\u0022:\u0022Karnataka\u0022,\u0022value\u0022:\u002229\u0022,\u0022isDisabled\u0022:false},{\u0022label\u0022:\u0022Goa\u0022,\u0022value\u0022:\u002230\u0022,\u0022isDisabled\u0022:false},{\u0022label\u0022:\u0022Lakshadweep\u0022,\u0022value\u0022:\u002231\u0022,\u0022isDisabled\u0022:false},{\u0022label\u0022:\u0022Kerala\u0022,\u0022value\u0022:\u002232\u0022,\u0022isDisabled\u0022:false},{\u0022label\u0022:\u0022Tamil Nadu\u0022,\u0022value\u0022:\u002233\u0022,\u0022isDisabled\u0022:false},{\u0022label\u0022:\u0022Puducherry\u0022,\u0022value\u0022:\u002234\u0022,\u0022isDisabled\u0022:false},{\u0022label\u0022:\u0022Andaman \\u0026 Nicobar Islands\u0022,\u0022value\u0022:\u002235\u0022,\u0022isDisabled\u0022:false},{\u0022label\u0022:\u0022Telangana\u0022,\u0022value\u0022:\u002236\u0022,\u0022isDisabled\u0022:false},{\u0022label\u0022:\u0022Andhra Pradesh (new)\u0022,\u0022value\u0022:\u002237\u0022,\u0022isDisabled\u0022:false},{\u0022label\u0022:\u0022Ladakh\u0022,\u0022value\u0022:\u002238\u0022,\u0022isDisabled\u0022:false}]'),
 optionsLimit: 50,
 placeholder: 'Select an option',
 position: null,
 searchDebounce: 1000,
 searchingMessage: 'Searching..',
 searchPrompt: 'Start typing to search..',
 searchableOptionFields: JSON.parse('[\u0022label\u0022]'),
 state: $wire.$entangle(&#039;data.state_id&#039;, true),
 statePath: 'data.state_id',
 })"
 wire:ignore
 wire:key="XDHAgs9j86zbJgRO6Uvf.form.state_id.198b0c1f825b7d54462bd9e5f2c97db9"
 x-on:keydown.esc="select.dropdown.isActive && $event.stopPropagation()"
 x-on:set-select-property="$event.detail.isDisabled ? select.disable() : select.enable()"
 class="fi-select-input"
 >
 <div x-ref="select"></div>
 </div>
 <!--[if ENDBLOCK]><![endif]-->
 </div>
 <!--[if BLOCK]><![endif]--><!--[if ENDBLOCK]><![endif]--></div>
 <!--[if ENDBLOCK]><![endif]-->
 <!--[if BLOCK]><![endif]--><!--[if ENDBLOCK]><![endif]--> </div>
 <!--[if ENDBLOCK]><![endif]--></div>
 </div>
 </div>
 <div
 wire:partial="schema-component::form.district_id"
 x-data="filamentSchemaComponent({
 path: 'data.district_id',
 containerPath: 'data',
 $wire,
 })"
 class="fi-grid-col" style="--col-span-default: span 1 / span 1;" wire:key="XDHAgs9j86zbJgRO6Uvf.form.district_id" >
 <div
 class="fi-sc-component"
 >
 <div
 data-field-wrapper
 class="fi-fo-field fi-fo-select-wrp"
>
 <!--[if BLOCK]><![endif]--><!--[if ENDBLOCK]><![endif]-->
 <!--[if BLOCK]><![endif]--> <div
 class="fi-fo-field-label-col"
 >
 <div
 class="fi-fo-field-label-ctn "
 >
 <!--[if BLOCK]><![endif]--> <label
 for="form.district_id"
 class="fi-fo-field-label"
 >
 <!--[if BLOCK]><![endif]--> <span class="fi-fo-field-label-content">
 District<!--[if BLOCK]><![endif]--><!--[if ENDBLOCK]><![endif]--> </span>
 <!--[if ENDBLOCK]><![endif]-->
 </label>
 <!--[if ENDBLOCK]><![endif]-->
 </div>
 </div>
 <!--[if ENDBLOCK]><![endif]-->
 <!--[if BLOCK]><![endif]--> <div class="fi-fo-field-content-col">
 <!--[if BLOCK]><![endif]--> <div
 class="fi-input-wrp fi-fo-select" x-on:focus-input.stop="$el.querySelector(&#039;.fi-select-input-btn&#039;)?.focus()"
>
 <!--[if BLOCK]><![endif]--><!--[if ENDBLOCK]><![endif]-->
 <div
 class="fi-input-wrp-content-ctn"
 >
 <!--[if BLOCK]><![endif]--> <div
 class="fi-hidden"
 x-data="{
 isDisabled: false,
 init() {
 const container = $el.nextElementSibling
 container.dispatchEvent(
 new CustomEvent('set-select-property', {
 detail: { isDisabled: this.isDisabled },
 }),
 )
 },
 }"
 ></div>
 <div
 x-load
 x-load-src="http://localhost:8000/js/filament/forms/components/select.js?v=5.6.7.0"
 x-data="selectFormComponent({
 canOptionLabelsWrap: true,
 canSelectPlaceholder: true,
 getOptionLabelUsing: async () => {
 return await Livewire.fireAction(
 $wire.__instance,
 'callSchemaComponentMethod',
 ['form.district_id', 'getOptionLabel'],
 { async: true },
 )
 },
 getOptionLabelsUsing: async () => {
 return await Livewire.fireAction(
 $wire.__instance,
 'callSchemaComponentMethod',
 ['form.district_id', 'getOptionLabelsForJs'],
 { async: true },
 )
 },
 getOptionsUsing: async () => {
 return await Livewire.fireAction(
 $wire.__instance,
 'callSchemaComponentMethod',
 ['form.district_id', 'getOptionsForJs'],
 { async: true },
 )
 },
 getSearchResultsUsing: async (search) => {
 return await Livewire.fireAction(
 $wire.__instance,
 'callSchemaComponentMethod',
 ['form.district_id', 'getSearchResultsForJs', { search }],
 { async: true },
 )
 },
 hasDynamicOptions: true,
 hasDynamicSearchResults: false,
 hasInitialNoOptionsMessage: true,
 initialOptionLabel: null,
 initialOptionLabels: [],
 initialState: null,
 isAutofocused: false,
 isDisabled: false,
 isHtmlAllowed: false,
 isMultiple: false,
 isReorderable: false,
 isSearchable: true,
 livewireId: 'XDHAgs9j86zbJgRO6Uvf',
 loadingMessage: 'Loading..',
 maxItems: null,
 maxItemsMessage: 'Only can be selected.',
 noOptionsMessage: 'No options available.',
 noSearchResultsMessage: 'No options match your search.',
 options: [],
 optionsLimit: 50,
 placeholder: 'Select an option',
 position: null,
 searchDebounce: 1000,
 searchingMessage: 'Searching..',
 searchPrompt: 'Start typing to search..',
 searchableOptionFields: JSON.parse('[\u0022label\u0022]'),
 state: $wire.$entangle(&#039;data.district_id&#039;, true),
 statePath: 'data.district_id',
 })"
 wire:ignore
 wire:key="XDHAgs9j86zbJgRO6Uvf.form.district_id.198b0c1f825b7d54462bd9e5f2c97db9"
 x-on:keydown.esc="select.dropdown.isActive && $event.stopPropagation()"
 x-on:set-select-property="$event.detail.isDisabled ? select.disable() : select.enable()"
 class="fi-select-input"
 >
 <div x-ref="select"></div>
 </div>
 <!--[if ENDBLOCK]><![endif]-->
 </div>
 <!--[if BLOCK]><![endif]--><!--[if ENDBLOCK]><![endif]--></div>
 <!--[if ENDBLOCK]><![endif]-->
 <!--[if BLOCK]><![endif]--><!--[if ENDBLOCK]><![endif]--> </div>
 <!--[if ENDBLOCK]><![endif]--></div>
 </div>
 </div>
 <div
 wire:partial="schema-component::form.city_id"
 x-data="filamentSchemaComponent({
 path: 'data.city_id',
 containerPath: 'data',
 $wire,
 })"
 class="fi-grid-col" style="--col-span-default: span 1 / span 1;" wire:key="XDHAgs9j86zbJgRO6Uvf.form.city_id" >
 <div
 class="fi-sc-component"
 >
 <div
 data-field-wrapper
 class="fi-fo-field fi-fo-select-wrp"
>
 <!--[if BLOCK]><![endif]--><!--[if ENDBLOCK]><![endif]-->
 <!--[if BLOCK]><![endif]--> <div
 class="fi-fo-field-label-col"
 >
 <div
 class="fi-fo-field-label-ctn "
 >
 <!--[if BLOCK]><![endif]--> <label
 for="form.city_id"
 class="fi-fo-field-label"
 >
 <!--[if BLOCK]><![endif]--> <span class="fi-fo-field-label-content">
 City<!--[if BLOCK]><![endif]--><!--[if ENDBLOCK]><![endif]--> </span>
 <!--[if ENDBLOCK]><![endif]-->
 </label>
 <!--[if ENDBLOCK]><![endif]-->
 </div>
 </div>
 <!--[if ENDBLOCK]><![endif]-->
 <!--[if BLOCK]><![endif]--> <div class="fi-fo-field-content-col">
 <!--[if BLOCK]><![endif]--> <div
 class="fi-input-wrp fi-fo-select" x-on:focus-input.stop="$el.querySelector(&#039;.fi-select-input-btn&#039;)?.focus()"
>
 <!--[if BLOCK]><![endif]--><!--[if ENDBLOCK]><![endif]-->
 <div
 class="fi-input-wrp-content-ctn"
 >
 <!--[if BLOCK]><![endif]--> <div
 class="fi-hidden"
 x-data="{
 isDisabled: false,
 init() {
 const container = $el.nextElementSibling
 container.dispatchEvent(
 new CustomEvent('set-select-property', {
 detail: { isDisabled: this.isDisabled },
 }),
 )
 },
 }"
 ></div>
 <div
 x-load
 x-load-src="http://localhost:8000/js/filament/forms/components/select.js?v=5.6.7.0"
 x-data="selectFormComponent({
 canOptionLabelsWrap: true,
 canSelectPlaceholder: true,
 getOptionLabelUsing: async () => {
 return await Livewire.fireAction(
 $wire.__instance,
 'callSchemaComponentMethod',
 ['form.city_id', 'getOptionLabel'],
 { async: true },
 )
 },
 getOptionLabelsUsing: async () => {
 return await Livewire.fireAction(
 $wire.__instance,
 'callSchemaComponentMethod',
 ['form.city_id', 'getOptionLabelsForJs'],
 { async: true },
 )
 },
 getOptionsUsing: async () => {
 return await Livewire.fireAction(
 $wire.__instance,
 'callSchemaComponentMethod',
 ['form.city_id', 'getOptionsForJs'],
 { async: true },
 )
 },
 getSearchResultsUsing: async (search) => {
 return await Livewire.fireAction(
 $wire.__instance,
 'callSchemaComponentMethod',
 ['form.city_id', 'getSearchResultsForJs', { search }],
 { async: true },
 )
 },
 hasDynamicOptions: true,
 hasDynamicSearchResults: false,
 hasInitialNoOptionsMessage: true,
 initialOptionLabel: null,
 initialOptionLabels: [],
 initialState: null,
 isAutofocused: false,
 isDisabled: false,
 isHtmlAllowed: false,
 isMultiple: false,
 isReorderable: false,
 isSearchable: true,
 livewireId: 'XDHAgs9j86zbJgRO6Uvf',
 loadingMessage: 'Loading..',
 maxItems: null,
 maxItemsMessage: 'Only can be selected.',
 noOptionsMessage: 'No options available.',
 noSearchResultsMessage: 'No options match your search.',
 options: [],
 optionsLimit: 50,
 placeholder: 'Select an option',
 position: null,
 searchDebounce: 1000,
 searchingMessage: 'Searching..',
 searchPrompt: 'Start typing to search..',
 searchableOptionFields: JSON.parse('[\u0022label\u0022]'),
 state: $wire.$entangle(&#039;data.city_id&#039;, true),
 statePath: 'data.city_id',
 })"
 wire:ignore
 wire:key="XDHAgs9j86zbJgRO6Uvf.form.city_id.198b0c1f825b7d54462bd9e5f2c97db9"
 x-on:keydown.esc="select.dropdown.isActive && $event.stopPropagation()"
 x-on:set-select-property="$event.detail.isDisabled ? select.disable() : select.enable()"
 class="fi-select-input"
 >
 <div x-ref="select"></div>
 </div>
 <!--[if ENDBLOCK]><![endif]-->
 </div>
 <!--[if BLOCK]><![endif]--><!--[if ENDBLOCK]><![endif]--></div>
 <!--[if ENDBLOCK]><![endif]-->
 <!--[if BLOCK]><![endif]--><!--[if ENDBLOCK]><![endif]--> </div>
 <!--[if ENDBLOCK]><![endif]--></div>
 </div>
 </div>
 <div
 wire:partial="schema-component::form.locality_id"
 x-data="filamentSchemaComponent({
 path: 'data.locality_id',
 containerPath: 'data',
 $wire,
 })"
 class="fi-grid-col" style="--col-span-default: span 1 / span 1;" wire:key="XDHAgs9j86zbJgRO6Uvf.form.locality_id" >
 <div
 class="fi-sc-component"
 >
 <div
 data-field-wrapper
 class="fi-fo-field fi-fo-select-wrp"
>
 <!--[if BLOCK]><![endif]--><!--[if ENDBLOCK]><![endif]-->
 <!--[if BLOCK]><![endif]--> <div
 class="fi-fo-field-label-col"
 >
 <div
 class="fi-fo-field-label-ctn "
 >
 <!--[if BLOCK]><![endif]--> <label
 for="form.locality_id"
 class="fi-fo-field-label"
 >
 <!--[if BLOCK]><![endif]--> <span class="fi-fo-field-label-content">
 Locality<!--[if BLOCK]><![endif]--><sup class="fi-fo-field-label-required-mark">*</sup>
 <!--[if ENDBLOCK]><![endif]--> </span>
 <!--[if ENDBLOCK]><![endif]-->
 </label>
 <!--[if ENDBLOCK]><![endif]-->
 </div>
 </div>
 <!--[if ENDBLOCK]><![endif]-->
 <!--[if BLOCK]><![endif]--> <div class="fi-fo-field-content-col">
 <!--[if BLOCK]><![endif]--> <div
 class="fi-input-wrp fi-fo-select" x-on:focus-input.stop="$el.querySelector(&#039;.fi-select-input-btn&#039;)?.focus()"
>
 <!--[if BLOCK]><![endif]--><!--[if ENDBLOCK]><![endif]-->
 <div
 class="fi-input-wrp-content-ctn"
 >
 <!--[if BLOCK]><![endif]--> <div
 class="fi-hidden"
 x-data="{
 isDisabled: false,
 init() {
 const container = $el.nextElementSibling
 container.dispatchEvent(
 new CustomEvent('set-select-property', {
 detail: { isDisabled: this.isDisabled },
 }),
 )
 },
 }"
 ></div>
 <div
 x-load
 x-load-src="http://localhost:8000/js/filament/forms/components/select.js?v=5.6.7.0"
 x-data="selectFormComponent({
 canOptionLabelsWrap: true,
 canSelectPlaceholder: true,
 getOptionLabelUsing: async () => {
 return await Livewire.fireAction(
 $wire.__instance,
 'callSchemaComponentMethod',
 ['form.locality_id', 'getOptionLabel'],
 { async: true },
 )
 },
 getOptionLabelsUsing: async () => {
 return await Livewire.fireAction(
 $wire.__instance,
 'callSchemaComponentMethod',
 ['form.locality_id', 'getOptionLabelsForJs'],
 { async: true },
 )
 },
 getOptionsUsing: async () => {
 return await Livewire.fireAction(
 $wire.__instance,
 'callSchemaComponentMethod',
 ['form.locality_id', 'getOptionsForJs'],
 { async: true },
 )
 },
 getSearchResultsUsing: async (search) => {
 return await Livewire.fireAction(
 $wire.__instance,
 'callSchemaComponentMethod',
 ['form.locality_id', 'getSearchResultsForJs', { search }],
 { async: true },
 )
 },
 hasDynamicOptions: true,
 hasDynamicSearchResults: false,
 hasInitialNoOptionsMessage: true,
 initialOptionLabel: null,
 initialOptionLabels: [],
 initialState: null,
 isAutofocused: false,
 isDisabled: false,
 isHtmlAllowed: false,
 isMultiple: false,
 isReorderable: false,
 isSearchable: true,
 livewireId: 'XDHAgs9j86zbJgRO6Uvf',
 loadingMessage: 'Loading..',
 maxItems: null,
 maxItemsMessage: 'Only can be selected.',
 noOptionsMessage: 'No options available.',
 noSearchResultsMessage: 'No options match your search.',
 options: [],
 optionsLimit: 50,
 placeholder: 'Select an option',
 position: null,
 searchDebounce: 1000,
 searchingMessage: 'Searching..',
 searchPrompt: 'Start typing to search..',
 searchableOptionFields: JSON.parse('[\u0022label\u0022]'),
 state: $wire.$entangle(&#039;data.locality_id&#039;, false),
 statePath: 'data.locality_id',
 })"
 wire:ignore
 wire:key="XDHAgs9j86zbJgRO6Uvf.form.locality_id.198b0c1f825b7d54462bd9e5f2c97db9"
 x-on:keydown.esc="select.dropdown.isActive && $event.stopPropagation()"
 x-on:set-select-property="$event.detail.isDisabled ? select.disable() : select.enable()"
 class="fi-select-input"
 >
 <div x-ref="select"></div>
 </div>
 <!--[if ENDBLOCK]><![endif]-->
 </div>
 <!--[if BLOCK]><![endif]--><!--[if ENDBLOCK]><![endif]--></div>
 <!--[if ENDBLOCK]><![endif]-->
 <!--[if BLOCK]><![endif]--><!--[if ENDBLOCK]><![endif]--> </div>
 <!--[if ENDBLOCK]><![endif]--></div>
 </div>
 </div>
 </div>
 <!--[if ENDBLOCK]><![endif]-->
 <!--[if BLOCK]><![endif]--><!--[if ENDBLOCK]><![endif]--> </div>
 <!--[if ENDBLOCK]><![endif]--></section>
 <!--[if BLOCK]><![endif]--><!--[if ENDBLOCK]><![endif]--></div>
 </div>
 </div>
 <div
 wire:partial="schema-component::form.owner-details::data::section"
 x-data="filamentSchemaComponent({
 path: 'data',
 containerPath: 'data',
 $wire,
 })"
 class="fi-grid-col" style="--col-span-default: span 1 / span 1;" wire:key="XDHAgs9j86zbJgRO6Uvf.form.owner-details::data::section" >
 <div
 class="fi-sc-component"
 >
 <div
 class="fi-sc-section" id="form.owner-details::data::section"
>
 <!--[if BLOCK]><![endif]--><!--[if ENDBLOCK]><![endif]-->
 <!--[if BLOCK]><![endif]--><!--[if ENDBLOCK]><![endif]-->
 <section
 x-data="{
 isCollapsed: false ,
 }"
 class="fi-section fi-section-has-header"
>
 <!--[if BLOCK]><![endif]--> <header
 class="fi-section-header"
 >
 <!--[if BLOCK]><![endif]--> <div class="fi-section-header-text-ctn">
 <!--[if BLOCK]><![endif]--> <h2 class="fi-section-header-heading">
 Owner Details
 </h2>
 <!--[if ENDBLOCK]><![endif]-->
 <!--[if BLOCK]><![endif]--> <p class="fi-section-header-description">
 Details of the primary owner linked via the signed Management Agreement (MOU).
 </p>
 <!--[if ENDBLOCK]><![endif]--> </div>
 <!--[if ENDBLOCK]><![endif]-->
 <!--[if BLOCK]><![endif]--><!--[if ENDBLOCK]><![endif]-->
 <!--[if BLOCK]><![endif]--><!--[if ENDBLOCK]><![endif]--> </header>
 <!--[if ENDBLOCK]><![endif]-->
 <!--[if BLOCK]><![endif]--> <div
 class="fi-section-content-ctn"
 >
 <!--[if BLOCK]><![endif]--> <div class="fi-sc fi-sc-has-gap fi-grid lg:fi-grid-cols fi-section-content" style="--cols-lg: repeat(2, minmax(0, 1fr)); --cols-default: repeat(1, minmax(0, 1fr));">
 <div
 wire:partial="schema-component::form.owner_name"
 x-data="filamentSchemaComponent({
 path: 'data.owner_name',
 containerPath: 'data',
 $wire,
 })"
 class="fi-grid-col" style="--col-span-default: span 1 / span 1;" wire:key="XDHAgs9j86zbJgRO6Uvf.form.owner_name" >
 <div
 class="fi-sc-component"
 >
 <div class="fi-in-entry">
 <div class="fi-in-entry-label-col">
 <div class="fi-in-entry-label-ctn">
 <div class="fi-in-entry-label" role="term">
 Name </div>
 </div>
 </div>
 <div class="fi-in-entry-content-col">
 <div class="fi-in-entry-content-ctn" role="definition">
 <div class="fi-in-entry-content">
 <div class="fi-size-sm fi-in-text-item fi-wrapped fi-in-text">
 Tumtin Eliezer Koren 
 </div>
 </div>
 </div>
 </div>
 </div>
 </div>
 </div>
 <div
 wire:partial="schema-component::form.owner_email"
 x-data="filamentSchemaComponent({
 path: 'data.owner_email',
 containerPath: 'data',
 $wire,
 })"
 class="fi-grid-col" style="--col-span-default: span 1 / span 1;" wire:key="XDHAgs9j86zbJgRO6Uvf.form.owner_email" >
 <div
 class="fi-sc-component"
 >
 <div class="fi-in-entry">
 <div class="fi-in-entry-label-col">
 <div class="fi-in-entry-label-ctn">
 <div class="fi-in-entry-label" role="term">
 Email </div>
 </div>
 </div>
 <div class="fi-in-entry-content-col">
 <div class="fi-in-entry-content-ctn" role="definition">
 <div class="fi-in-entry-content">
 <div class="fi-size-sm fi-in-text-item fi-wrapped fi-in-text">
 eliezer.kt@gmail.com 
 </div>
 </div>
 </div>
 </div>
 </div>
 </div>
 </div>
 <div
 wire:partial="schema-component::form.owner_phone"
 x-data="filamentSchemaComponent({
 path: 'data.owner_phone',
 containerPath: 'data',
 $wire,
 })"
 class="fi-grid-col" style="--col-span-default: span 1 / span 1;" wire:key="XDHAgs9j86zbJgRO6Uvf.form.owner_phone" >
 <div
 class="fi-sc-component"
 >
 <div class="fi-in-entry">
 <div class="fi-in-entry-label-col">
 <div class="fi-in-entry-label-ctn">
 <div class="fi-in-entry-label" role="term">
 Phone </div>
 </div>
 </div>
 <div class="fi-in-entry-content-col">
 <div class="fi-in-entry-content-ctn" role="definition">
 <div class="fi-in-entry-content">
 <div class="fi-size-sm fi-in-text-item fi-wrapped fi-in-text">
 08011302757 
 </div>
 </div>
 </div>
 </div>
 </div>
 </div>
 </div>
 <div
 wire:partial="schema-component::form.owner_profile"
 x-data="filamentSchemaComponent({
 path: 'data.owner_profile',
 containerPath: 'data',
 $wire,
 })"
 class="fi-grid-col" style="--col-span-default: span 1 / span 1;" wire:key="XDHAgs9j86zbJgRO6Uvf.form.owner_profile" >
 <div
 class="fi-sc-component"
 >
 <div class="fi-in-entry">
 <div class="fi-in-entry-label-col">
 <div class="fi-in-entry-label-ctn">
 <div class="fi-in-entry-label" role="term">
 Action </div>
 </div>
 </div>
 <div class="fi-in-entry-content-col">
 <div class="fi-in-entry-content-ctn" role="definition">
 <div class="fi-in-entry-content">
 <div class="fi-size-sm fi-in-text-item fi-wrapped fi-in-text">
 <a href="http://localhost:8000/operations/parties/01kxszdzdwmtacya0rya7y8thh/edit" target="_blank" class="text-primary-600 hover:underline">View Owner Profile &rarr;</a> 
 </div>
 </div>
 </div>
 </div>
 </div>
 </div>
 </div>
 </div>
 <!--[if ENDBLOCK]><![endif]-->
 <!--[if BLOCK]><![endif]--><!--[if ENDBLOCK]><![endif]--> </div>
 <!--[if ENDBLOCK]><![endif]--></section>
 <!--[if BLOCK]><![endif]--><!--[if ENDBLOCK]><![endif]--></div>
 </div>
 </div>
 <div
 wire:partial="schema-component::form.current-pricing::data::section"
 class="fi-grid-col fi-hidden" style="--col-span-default: span 1 / span 1;" wire:key="XDHAgs9j86zbJgRO6Uvf.form.current-pricing::data::section" >
 </div>
 <div
 wire:partial="schema-component::form.marketing-availability::data::section"
 x-data="filamentSchemaComponent({
 path: 'data',
 containerPath: 'data',
 $wire,
 })"
 class="fi-grid-col" style="--col-span-default: span 1 / span 1;" wire:key="XDHAgs9j86zbJgRO6Uvf.form.marketing-availability::data::section" >
 <div
 class="fi-sc-component"
 >
 <div
 class="fi-sc-section" id="form.marketing-availability::data::section"
>
 <!--[if BLOCK]><![endif]--><!--[if ENDBLOCK]><![endif]-->
 <!--[if BLOCK]><![endif]--><!--[if ENDBLOCK]><![endif]-->
 <section
 x-data="{
 isCollapsed: false ,
 }"
 class="fi-section fi-section-has-header"
>
 <!--[if BLOCK]><![endif]--> <header
 class="fi-section-header"
 >
 <!--[if BLOCK]><![endif]--> <div class="fi-section-header-text-ctn">
 <!--[if BLOCK]><![endif]--> <h2 class="fi-section-header-heading">
 Marketing &amp; Availability
 </h2>
 <!--[if ENDBLOCK]><![endif]-->
 <!--[if BLOCK]><![endif]--><!--[if ENDBLOCK]><![endif]--> </div>
 <!--[if ENDBLOCK]><![endif]-->
 <!--[if BLOCK]><![endif]--><!--[if ENDBLOCK]><![endif]-->
 <!--[if BLOCK]><![endif]--><!--[if ENDBLOCK]><![endif]--> </header>
 <!--[if ENDBLOCK]><![endif]-->
 <!--[if BLOCK]><![endif]--> <div
 class="fi-section-content-ctn"
 >
 <!--[if BLOCK]><![endif]--> <div class="fi-sc fi-sc-has-gap fi-grid lg:fi-grid-cols fi-section-content" style="--cols-lg: repeat(2, minmax(0, 1fr)); --cols-default: repeat(1, minmax(0, 1fr));">
 <div
 wire:partial="schema-component::form.is_promoted"
 x-data="filamentSchemaComponent({
 path: 'data.is_promoted',
 containerPath: 'data',
 $wire,
 })"
 class="fi-grid-col" style="--col-span-default: span 1 / span 1;" wire:key="XDHAgs9j86zbJgRO6Uvf.form.is_promoted" >
 <div
 class="fi-sc-component"
 >
 <div
 data-field-wrapper
 class="fi-fo-field"
>
 <!--[if BLOCK]><![endif]--><!--[if ENDBLOCK]><![endif]-->
 <!--[if BLOCK]><![endif]--> <div
 class="fi-fo-field-label-col"
 >
 <div
 class="fi-fo-field-label-ctn "
 >
 <!--[if BLOCK]><![endif]--> <label
 for="form.is_promoted"
 class="fi-fo-field-label"
 >
 <button
 x-data="{ state: $wire.$entangle(&#039;data.is_promoted&#039;, false) }"
 x-bind:aria-checked="state?.toString()"
 x-on:click="state = ! state"
 x-bind:class="
 state ? 'fi-toggle-on fi-color fi-color-primary fi-bg-color-500 fi-text-color-500 dark:fi-bg-color-400' : 'fi-toggle-off' "
 x-cloak
 class="fi-toggle fi-fo-toggle" role="switch" type="button" ariaChecked="false" id="form.is_promoted" wire:loading.attr="disabled" wire:target="data.is_promoted" aria-checked="false"
>
 <div>
 <div aria-hidden="true">
 </div>
 <div aria-hidden="true">
 </div>
 </div>
</button>
<!--[if BLOCK]><![endif]--> <div
 x-cloak="inline-flex"
 wire:ignore
 class="fi-toggle fi-toggle-on fi-hidden fi-color fi-color-primary fi-bg-color-500 fi-text-color-500 dark:fi-bg-color-400"
 >
 <div>
 <div aria-hidden="true"></div>
 <div aria-hidden="true">
 </div>
 </div>
 </div>
<!--[if ENDBLOCK]><![endif]-->
 <!--[if BLOCK]><![endif]--> <span class="fi-fo-field-label-content">
 List Property<!--[if BLOCK]><![endif]--><!--[if ENDBLOCK]><![endif]--> </span>
 <!--[if ENDBLOCK]><![endif]-->
 </label>
 <!--[if ENDBLOCK]><![endif]-->
 </div>
 </div>
 <!--[if ENDBLOCK]><![endif]-->
 <!--[if BLOCK]><![endif]--><!--[if ENDBLOCK]><![endif]--></div>
 </div>
 </div>
 <div
 wire:partial="schema-component::form.available_from"
 x-data="filamentSchemaComponent({
 path: 'data.available_from',
 containerPath: 'data',
 $wire,
 })"
 class="fi-grid-col" style="--col-span-default: span 1 / span 1;" wire:key="XDHAgs9j86zbJgRO6Uvf.form.available_from" >
 <div
 class="fi-sc-component"
 >
 <div
 data-field-wrapper
 class="fi-fo-field"
>
 <!--[if BLOCK]><![endif]--><!--[if ENDBLOCK]><![endif]-->
 <!--[if BLOCK]><![endif]--> <div
 class="fi-fo-field-label-col"
 >
 <div
 class="fi-fo-field-label-ctn "
 >
 <!--[if BLOCK]><![endif]--> <label
 for="form.available_from"
 class="fi-fo-field-label"
 >
 <!--[if BLOCK]><![endif]--> <span class="fi-fo-field-label-content">
 Available From<!--[if BLOCK]><![endif]--><!--[if ENDBLOCK]><![endif]--> </span>
 <!--[if ENDBLOCK]><![endif]-->
 </label>
 <!--[if ENDBLOCK]><![endif]-->
 </div>
 </div>
 <!--[if ENDBLOCK]><![endif]-->
 <!--[if BLOCK]><![endif]--> <div class="fi-fo-field-content-col">
 <!--[if BLOCK]><![endif]--> <div
 class="fi-input-wrp fi-fo-date-time-picker" x-on:focus-input.stop="$el.querySelector('input:not([type=hidden])')?.focus()"
>
 <!--[if BLOCK]><![endif]--><!--[if ENDBLOCK]><![endif]-->
 <div
 class="fi-input-wrp-content-ctn"
 >
 <!--[if BLOCK]><![endif]--> <input
 class="fi-input" id="form.available_from" type="date" wire:model="data.available_from"
 />
 <!--[if ENDBLOCK]><![endif]-->
 </div>
 <!--[if BLOCK]><![endif]--><!--[if ENDBLOCK]><![endif]--></div>
 <!--[if BLOCK]><![endif]--><!--[if ENDBLOCK]><![endif]-->
 <!--[if ENDBLOCK]><![endif]-->
 <!--[if BLOCK]><![endif]--><!--[if ENDBLOCK]><![endif]--> </div>
 <!--[if ENDBLOCK]><![endif]--></div>
 </div>
 </div>
 </div>
 <!--[if ENDBLOCK]><![endif]-->
 <!--[if BLOCK]><![endif]--><!--[if ENDBLOCK]><![endif]--> </div>
 <!--[if ENDBLOCK]><![endif]--></section>
 <!--[if BLOCK]><![endif]--><!--[if ENDBLOCK]><![endif]--></div>
 </div>
 </div>
 </div>
 </div>
 </div>
 </div>
 <div class="fi-sc fi-sc-has-gap fi-grid" style="--cols-default: repeat(1, minmax(0, 1fr));">
 <div
 wire:partial="schema-component::content.relationManagerTabs.form-actions"
 x-data="filamentSchemaComponent({
 path: '',
 containerPath: '',
 $wire,
 })"
 class="fi-grid-col" style="--col-span-default: span 1 / span 1;" wire:key="XDHAgs9j86zbJgRO6Uvf.content.relationManagerTabs.form-actions" >
 <div
 class="fi-sc-component"
 >
 <div
 class="fi-sc-actions" id="content.relationManagerTabs.form-actions"
>
 <!--[if BLOCK]><![endif]--><!--[if ENDBLOCK]><![endif]-->
 <!--[if BLOCK]><![endif]--><!--[if ENDBLOCK]><![endif]-->
 <!--[if BLOCK]><![endif]--> <div
 class="fi-ac fi-align-start"
 >
 <!--[if BLOCK]><![endif]--> <!--[if BLOCK]><![endif]--> 
 <button x-bind:id="$id('key-bindings')"
 x-mousetrap.global.mod-s="document.getElementById($el.id)?.click()"
 x-data="filamentFormButton"
 x-bind:class="{ 'fi-processing': isProcessing }"
 class="fi-color fi-color-primary fi-bg-color-600 hover:fi-bg-color-500 dark:fi-bg-color-600 dark:hover:fi-bg-color-500 fi-text-color-0 hover:fi-text-color-0 dark:fi-text-color-0 dark:hover:fi-text-color-0 fi-btn fi-size-md fi-ac-btn-action" type="submit" wire:loading.attr="disabled" wire:target="save" x-bind:disabled="isProcessing" >
 <svg
 fill="none"
 viewBox="0 0 24 24"
 xmlns="http://www.w3.org/2000/svg"
 class="fi-icon fi-loading-indicator fi-size-md" wire:loading.delay.default="" wire:target="save"
 >
 <path
 clip-rule="evenodd"
 d="M12 19C15.866 19 19 15.866 19 12C19 8.13401 15.866 5 12 5C8.13401 5 5 8.13401 5 12C5 15.866 8.13401 19 12 19ZM12 22C17.5228 22 22 17.5228 22 12C22 6.47715 17.5228 2 12 2C6.47715 2 2 6.47715 2 12C2 17.5228 6.47715 22 12 22Z"
 fill-rule="evenodd"
 fill="currentColor"
 opacity="0.2"
 ></path>
 <path
 d="M2 12C2 6.47715 6.47715 2 12 2V5C8.13401 5 5 8.13401 5 12H2Z"
 fill="currentColor"
 ></path>
 </svg> <svg
 fill="none"
 viewBox="0 0 24 24"
 xmlns="http://www.w3.org/2000/svg"
 class="fi-icon fi-loading-indicator fi-size-md" x-cloak="x-cloak" x-show="isProcessing"
 >
 <path
 clip-rule="evenodd"
 d="M12 19C15.866 19 19 15.866 19 12C19 8.13401 15.866 5 12 5C8.13401 5 5 8.13401 5 12C5 15.866 8.13401 19 12 19ZM12 22C17.5228 22 22 17.5228 22 12C22 6.47715 17.5228 2 12 2C6.47715 2 2 6.47715 2 12C2 17.5228 6.47715 22 12 22Z"
 fill-rule="evenodd"
 fill="currentColor"
 opacity="0.2"
 ></path>
 <path
 d="M2 12C2 6.47715 6.47715 2 12 2V5C8.13401 5 5 8.13401 5 12H2Z"
 fill="currentColor"
 ></path>
 </svg> 
 <span x-show="! isProcessing">
 Save changes </span>
 <span
 x-cloak
 x-show="isProcessing"
 x-text="processingMessage"
 ></span>
 </button>
 <button class="fi-btn fi-size-md fi-ac-btn-action" type="button" wire:loading.attr="disabled" x-on:click="document.referrer ? window.history.back() : (window.location.href = 'http:\/\/localhost:8000')" >
 Cancel 
 </button>
 <!--[if ENDBLOCK]><![endif]--> <!--[if ENDBLOCK]><![endif]--> </div>
<!--[if ENDBLOCK]><![endif]-->
 <!--[if BLOCK]><![endif]--><!--[if ENDBLOCK]><![endif]--></div>
 </div>
 </div>
 </div>
</form>
 </div>
 </div>
 </div>
 </div>
 <!--[if ENDBLOCK]><![endif]--><!--[if ENDBLOCK]><![endif]-->
 <!--[if BLOCK]><![endif]--> <!--[if BLOCK]><![endif]--><!--[if ENDBLOCK]><![endif]--><!--[if ENDBLOCK]><![endif]-->
 <!--[if BLOCK]><![endif]--> <!--[if BLOCK]><![endif]--><!--[if ENDBLOCK]><![endif]--><!--[if ENDBLOCK]><![endif]-->
 <!--[if BLOCK]><![endif]--> <!--[if BLOCK]><![endif]--><!--[if ENDBLOCK]><![endif]--><!--[if ENDBLOCK]><![endif]-->
 <!--[if BLOCK]><![endif]--> <!--[if BLOCK]><![endif]--><!--[if ENDBLOCK]><![endif]--><!--[if ENDBLOCK]><![endif]-->
 <!--[if BLOCK]><![endif]--> <!--[if BLOCK]><![endif]--><!--[if ENDBLOCK]><![endif]--><!--[if ENDBLOCK]><![endif]-->
 <!--[if BLOCK]><![endif]--> <!--[if BLOCK]><![endif]--><!--[if ENDBLOCK]><![endif]--><!--[if ENDBLOCK]><![endif]-->
 <!--[if BLOCK]><![endif]--> <!--[if BLOCK]><![endif]--><!--[if ENDBLOCK]><![endif]--><!--[if ENDBLOCK]><![endif]-->
 <!--[if BLOCK]><![endif]--> <!--[if BLOCK]><![endif]--><!--[if ENDBLOCK]><![endif]--><!--[if ENDBLOCK]><![endif]-->
 <!--[if BLOCK]><![endif]--> <!--[if BLOCK]><![endif]--><!--[if ENDBLOCK]><![endif]--><!--[if ENDBLOCK]><![endif]-->
 <!--[if BLOCK]><![endif]--> <!--[if BLOCK]><![endif]--><!--[if ENDBLOCK]><![endif]--><!--[if ENDBLOCK]><![endif]-->
 <!--[if ENDBLOCK]><![endif]--> </div>
<!--[if ENDBLOCK]><![endif]--> </div>
 </div>
 </div>
 </div>
 <!--[if BLOCK]><![endif]--><!--[if ENDBLOCK]><![endif]--> </div>
 <!--[if BLOCK]><![endif]--><!--[if ENDBLOCK]><![endif]--> </div>
 <!--[if BLOCK]><![endif]--> <!--[if BLOCK]><![endif]--> <div
 wire:partial="action-modals"
 x-data="filamentActionModals({
 livewireId: 'XDHAgs9j86zbJgRO6Uvf',
 })"
 style="height: 0"
 >
 <!--[if BLOCK]><![endif]--><!--[if ENDBLOCK]><![endif]--> </div>
 <!--[if ENDBLOCK]><![endif]--> <!--[if ENDBLOCK]><![endif]-->
 <!--[if BLOCK]><![endif]--><!--[if ENDBLOCK]><![endif]-->
 <!--[if BLOCK]><![endif]--><!--[if ENDBLOCK]><![endif]-->
 <!--[if BLOCK]><![endif]--><!--[if ENDBLOCK]><![endif]-->
 <!--[if BLOCK]><![endif]--><!--[if ENDBLOCK]><![endif]--></div>
 </main>
 </div>
 </div>
 <div wire:key="lw-764087302-0-global-search.field.input-10" wire:snapshot="{&quot;data&quot;:{&quot;isFilamentNotificationsComponent&quot;:true,&quot;notifications&quot;:[[],{&quot;class&quot;:&quot;Filament\\Notifications\\Collection&quot;,&quot;s&quot;:&quot;wrbl&quot;}]},&quot;memo&quot;:{&quot;id&quot;:&quot;0pnEQrlEM7qA9918W8yP&quot;,&quot;name&quot;:&quot;Filament\\Livewire\\Notifications&quot;,&quot;path&quot;:&quot;operations\/properties\/01kxszjhjayzb7z6fjch7vncs7\/onboarding&quot;,&quot;method&quot;:&quot;GET&quot;,&quot;release&quot;:&quot;a-a-a&quot;,&quot;children&quot;:[],&quot;scripts&quot;:[&quot;2167671029-0&quot;],&quot;assets&quot;:[],&quot;errors&quot;:[],&quot;locale&quot;:&quot;en&quot;,&quot;islands&quot;:[]},&quot;checksum&quot;:&quot;97bb4ce4d8be43041c81e74d567587521d9c4ae6116fe24084a2bbc2dd7f8574&quot;}" wire:effects="{&quot;partials&quot;:[],&quot;scripts&quot;:{&quot;2167671029-0&quot;:&quot; &lt;script&gt;\n window.addEventListener(&#039;EchoLoaded&#039;, () =&gt; {\n window.Echo.private(&#039;App.Models.User.1&#039;).notification(\n (notification) =&gt; {\n setTimeout(\n () =&gt;\n $wire.handleBroadcastNotification(\n notification,\n ),\n 500,\n )\n },\n )\n })\n\n if (window.Echo) {\n window.dispatchEvent(new CustomEvent(&#039;EchoLoaded&#039;))\n }\n &lt;\/script&gt;\n &quot;},&quot;listeners&quot;:[&quot;notificationsSent&quot;,&quot;notificationSent&quot;,&quot;notificationClosed&quot;]}" wire:id="0pnEQrlEM7qA9918W8yP" wire:name="Filament\Livewire\Notifications">
 <div
 class="fi-no fi-align-right fi-vertical-align-start"
 role="status"
 >
 <!--[if BLOCK]><![endif]--><!--[if ENDBLOCK]><![endif]--> </div>
 <!--[if BLOCK]><![endif]--> <!--[if ENDBLOCK]><![endif]--></div>
 <script>
 window.filamentData = [] </script>
 <script
 src="http://localhost:8000/js/filament/actions/actions.js?v=5.6.7.0"
 ></script>
 <script
 src="http://localhost:8000/js/filament/notifications/notifications.js?v=5.6.7.0"
 ></script>
 <script
 src="http://localhost:8000/js/filament/schemas/schemas.js?v=5.6.7.0"
 ></script>
 <script
 src="http://localhost:8000/js/filament/support/support.js?v=5.6.7.0"
 ></script>
 <script
 src="http://localhost:8000/js/filament/tables/tables.js?v=5.6.7.0"
 ></script>
 <script
 src="http://localhost:8000/js/filament/filament/echo.js?v=5.6.7.0"
 ></script>
 <script
 src="http://localhost:8000/js/filament/filament/app.js?v=5.6.7.0"
 ></script>
<style>
 :root {
 }
 </style>
 <script>
 loadDarkMode()
 </script>
 <script type="module" src="http://127.0.0.1:5174/@vite/client" data-navigate-track="reload"></script><script type="module" src="http://127.0.0.1:5174/resources/js/annotation-editor.js" data-navigate-track="reload"></script><script type="module" src="http://127.0.0.1:5174/resources/js/annotorious-editor.js" data-navigate-track="reload"></script>
 <!-- Livewire Scripts -->
<script src="http://localhost:8000/livewire-24096b25/livewire.js?id=657d57c2" data-csrf="qa1Tr7D0kayD4daiTdCJOUIdHET0diCgKoYqRkiy" data-module-url="http://localhost:8000/livewire-24096b25" data-update-uri="http://localhost:8000/livewire-24096b25/update" data-navigate-once="true"></script>
</body>
</html>
